// Vitest Snapshot v1, https://vitest.dev/guide/snapshot.html

exports[`HomeView > renders 1`] = `
"<div data-v-b4e148ca="" class="home__container">
  <h1 data-v-b4e148ca="" class="home__title" lang="en">Eat Your Veggies</h1>
  <p data-v-b4e148ca="" class="sm:text-center">Adopt a healthy lifestyle by eating 30 plant-based ingredients each week. Track your progress easily with this free app.</p>
  <div data-v-b4e148ca="" class="flex-container justify-center"><button data-v-24e38f3d="" data-v-b4e148ca="" class="button-like button--primary" data-test-id="home-start-button">
      <!--v-if-->Start
    </button><button data-v-24e38f3d="" data-v-b4e148ca="" class="button-like button--secondary" data-test-id="home-info-button">
      <!--v-if-->Learn more
    </button></div>
  <footer data-v-7490b180="" data-v-b4e148ca=""><a data-v-7490b180="" class="flex-container items-center" href="https://bsky.app/profile/eatyourveggies.app" target="_blank" noreferrer="" noopener="" data-test-id="bluesky-link"><svg data-v-7490b180="" style="width: 1.25rem; height: 1.25rem;" class="shrink-0" viewBox="0 0 24 24" aria-hidden="true">
        <path d="M5.202 2.857C7.954 4.922 10.913 9.11 12 11.358c1.087-2.247 4.046-6.436 6.798-8.501C20.783 1.366 24 .213 24 3.883c0 .732-.42 6.156-.667 7.037-.856 3.061-3.978 3.842-6.755 3.37 4.854.826 6.089 3.562 3.422 6.299-5.065 5.196-7.28-1.304-7.847-2.97-.104-.305-.152-.448-.153-.327 0-.121-.05.022-.153.327-.568 1.666-2.782 8.166-7.847 2.97-2.667-2.737-1.432-5.473 3.422-6.3-2.777.473-5.899-.308-6.755-3.369C.42 10.04 0 4.615 0 3.883c0-3.67 3.217-2.517 5.202-1.026" class="transition-all"></path>
      </svg> Follow on Bluesky</a>
    <!--v-if-->
  </footer>
  <!---->
</div>"
`;
