// Vitest Snapshot v1, https://vitest.dev/guide/snapshot.html

exports[`LogView > renders 1`] = `
"<div dir="ltr">
  <div data-v-487fdf11="" class="relative"><input data-v-487fdf11="" aria-disabled="false" type="text" aria-expanded="false" aria-controls="" aria-autocomplete="list" role="combobox" autocomplete="off" id="veggie-search-input" aria-label="Add Weekly Veggies" placeholder="Add Weekly Veggies" class="veggie-search__input" inputmode="search" autocorrect="off" autocapitalize="none" maxlength="20" data-test-id="veggie-search-input" value="">
    <!--v-if--><button data-v-ee781121="" data-v-487fdf11="" class="button-like button button--text button--alternative veggie-search__button right-2 outline-override transition duration-200" type="button" tabindex="-1" aria-label="Show popup" aria-haspopup="listbox" aria-expanded="false" aria-controls="" data-state="closed" aria-disabled="false" data-test-id="veggie-search-toggle-button"><svg data-v-ee781121="" style="width: 1.25rem; height: 1.25rem;" class="shrink-0" viewBox="0 0 24 24" aria-hidden="true">
        <path d="M7.41,8.58L12,13.17L16.59,8.58L18,10L12,16L6,10L7.41,8.58Z" class="transition-all"></path>
      </svg></button>
  </div>
  <!--v-if-->
  <!--v-if-->
</div>
<front-page-animation-stub></front-page-animation-stub>
<transition-group-stub data-v-cd627eac="" name="tags" tag="ul" appear="false" persisted="false" css="true" aria-label="Suggestions" tabindex="-1" class="tags__container"></transition-group-stub>
<footer data-v-7490b180=""><a data-v-7490b180="" class="flex-container items-center" href="https://bsky.app/profile/eatyourveggies.app" target="_blank" noreferrer="" noopener="" data-test-id="bluesky-link"><svg data-v-7490b180="" style="width: 1.25rem; height: 1.25rem;" class="shrink-0" viewBox="0 0 24 24" aria-hidden="true">
      <path d="M5.202 2.857C7.954 4.922 10.913 9.11 12 11.358c1.087-2.247 4.046-6.436 6.798-8.501C20.783 1.366 24 .213 24 3.883c0 .732-.42 6.156-.667 7.037-.856 3.061-3.978 3.842-6.755 3.37 4.854.826 6.089 3.562 3.422 6.299-5.065 5.196-7.28-1.304-7.847-2.97-.104-.305-.152-.448-.153-.327 0-.121-.05.022-.153.327-.568 1.666-2.782 8.166-7.847 2.97-2.667-2.737-1.432-5.473 3.422-6.3-2.777.473-5.899-.308-6.755-3.369C.42 10.04 0 4.615 0 3.883c0-3.67 3.217-2.517 5.202-1.026" class="transition-all"></path>
    </svg> Follow on Bluesky</a>
  <!--v-if-->
</footer>
<!--v-if-->"
`;

exports[`LogView > renders with data 1`] = `
"<div dir="ltr">
  <div data-v-487fdf11="" class="relative"><input data-v-487fdf11="" aria-disabled="false" type="text" aria-expanded="false" aria-controls="" aria-autocomplete="list" role="combobox" autocomplete="off" id="veggie-search-input" aria-label="Add Weekly Veggies" placeholder="Add Weekly Veggies" class="veggie-search__input" inputmode="search" autocorrect="off" autocapitalize="none" maxlength="20" data-test-id="veggie-search-input" value="">
    <!--v-if--><button data-v-ee781121="" data-v-487fdf11="" class="button-like button button--text button--alternative veggie-search__button right-2 outline-override transition duration-200" type="button" tabindex="-1" aria-label="Show popup" aria-haspopup="listbox" aria-expanded="false" aria-controls="" data-state="closed" aria-disabled="false" data-test-id="veggie-search-toggle-button"><svg data-v-ee781121="" style="width: 1.25rem; height: 1.25rem;" class="shrink-0" viewBox="0 0 24 24" aria-hidden="true">
        <path d="M7.41,8.58L12,13.17L16.59,8.58L18,10L12,16L6,10L7.41,8.58Z" class="transition-all"></path>
      </svg></button>
  </div>
  <!--teleport start-->
  <!--teleport end-->
  <!--v-if-->
</div>
<div data-v-38bd5fcc="" class="category-status-chart__background shrink-0">
  <div data-v-38bd5fcc="" id="category-status-chart-center-label" class="category-status-chart__center-label" data-test-id="category-status-chart-center-label"><span data-v-38bd5fcc="">This Week</span> <span data-v-38bd5fcc="" class="text-6xl">1</span> <span data-v-38bd5fcc="">Veggie</span></div><canvas data-v-38bd5fcc="" role="img" aria-label="Veggies of the Week" aria-description="See table below for details." class="z-10" data-test-id="category-status-chart" style="display: block; box-sizing: border-box; height: 0px; width: 0px;" height="0" width="0">
    <p></p>
  </canvas>
  <table data-v-38bd5fcc="" class="sr-only" data-test-id="category-status-table">
    <caption>Veggies of the Week</caption>
    <thead>
      <tr>
        <!--v-if-->
        <th>Grains, Nuts, And Seeds</th>
      </tr>
    </thead>
    <tbody>
      <tr>
        <td>1</td>
      </tr>
    </tbody>
  </table>
</div>
<!--v-if-->
<transition-group-stub data-v-cd627eac="" name="tags" tag="ul" appear="false" persisted="false" css="true" aria-label="Suggestions" tabindex="-1" class="tags__container">
  <li data-v-cd627eac="" data-test-id="tag-rice" class="z-10"><button data-v-ee781121="" data-v-cd627eac="" class="button-like button button--tag button--primary" type="button" id="tag-button-rice" aria-label="Add rice"><svg data-v-ee781121="" style="width: 1.25rem; height: 1.25rem;" class="shrink-0" viewBox="0 0 24 24" aria-hidden="true">
        <path d="M19,13H13V19H11V13H5V11H11V5H13V11H19V13Z" class="transition-all"></path>
      </svg>rice</button></li>
  <li data-v-cd627eac="" data-test-id="tag-rye" class="z-10"><button data-v-ee781121="" data-v-cd627eac="" class="button-like button button--tag button--primary" type="button" id="tag-button-rye" aria-label="Add rye"><svg data-v-ee781121="" style="width: 1.25rem; height: 1.25rem;" class="shrink-0" viewBox="0 0 24 24" aria-hidden="true">
        <path d="M19,13H13V19H11V13H5V11H11V5H13V11H19V13Z" class="transition-all"></path>
      </svg>rye</button></li>
</transition-group-stub>
<footer data-v-7490b180=""><a data-v-7490b180="" class="flex-container items-center" href="https://bsky.app/profile/eatyourveggies.app" target="_blank" noreferrer="" noopener="" data-test-id="bluesky-link"><svg data-v-7490b180="" style="width: 1.25rem; height: 1.25rem;" class="shrink-0" viewBox="0 0 24 24" aria-hidden="true">
      <path d="M5.202 2.857C7.954 4.922 10.913 9.11 12 11.358c1.087-2.247 4.046-6.436 6.798-8.501C20.783 1.366 24 .213 24 3.883c0 .732-.42 6.156-.667 7.037-.856 3.061-3.978 3.842-6.755 3.37 4.854.826 6.089 3.562 3.422 6.299-5.065 5.196-7.28-1.304-7.847-2.97-.104-.305-.152-.448-.153-.327 0-.121-.05.022-.153.327-.568 1.666-2.782 8.166-7.847 2.97-2.667-2.737-1.432-5.473 3.422-6.3-2.777.473-5.899-.308-6.755-3.369C.42 10.04 0 4.615 0 3.883c0-3.67 3.217-2.517 5.202-1.026" class="transition-all"></path>
    </svg> Follow on Bluesky</a>
  <!--v-if-->
</footer>
<!--teleport start-->
<!--teleport end-->"
`;
