// Vitest Snapshot v1, https://vitest.dev/guide/snapshot.html

exports[`LogView > renders 1`] = `
"<div dir="ltr">
  <div data-v-487fdf11="" class="relative fill-fg-inverse"><input data-v-487fdf11="" aria-disabled="false" type="text" aria-expanded="false" aria-controls="" aria-autocomplete="list" role="combobox" autocomplete="off" id="veggie-search-input" aria-label="Add Weekly Veggies" placeholder="Add Weekly Veggies" class="veggie-search__input" inputmode="search" autocorrect="off" autocapitalize="none" spellcheck="false" maxlength="20" data-test-id="veggie-search-input" value="">
    <!--v-if--><button data-v-487fdf11="" class="button-like bg-transparent text-inherit fill-inherit p-0 hover:underline veggie-search__button right-4 focus-themed motion-safe:duration-200" aria-disabled="false" type="button" tabindex="-1" aria-label="Browse Veggies" aria-haspopup="listbox" aria-expanded="false" aria-controls="" data-state="closed" data-test-id="veggie-search-toggle-button"><svg style="width: 1.25rem; height: 1.25rem;" class="shrink-0 motion-safe:duration-200" viewBox="0 0 24 24" aria-hidden="true">
        <path d="M7.41,8.58L12,13.17L16.59,8.58L18,10L12,16L6,10L7.41,8.58Z"></path>
      </svg></button>
  </div>
  <!--v-if-->
  <!--v-if-->
</div>
<front-page-animation-stub></front-page-animation-stub>
<transition-group-stub data-v-cd627eac="" name="tags" tag="ul" appear="false" persisted="false" css="true" aria-label="Suggestions" tabindex="-1" class="tags__container"></transition-group-stub>
<!--v-if-->
<!--v-if-->"
`;

exports[`LogView > renders with data 1`] = `
"<div dir="ltr">
  <div data-v-487fdf11="" class="relative fill-fg-inverse"><input data-v-487fdf11="" aria-disabled="false" type="text" aria-expanded="false" aria-controls="" aria-autocomplete="list" role="combobox" autocomplete="off" id="veggie-search-input" aria-label="Add Weekly Veggies" placeholder="Add Weekly Veggies" class="veggie-search__input" inputmode="search" autocorrect="off" autocapitalize="none" spellcheck="false" maxlength="20" data-test-id="veggie-search-input" value="">
    <!--v-if--><button data-v-487fdf11="" class="button-like bg-transparent text-inherit fill-inherit p-0 hover:underline veggie-search__button right-4 focus-themed motion-safe:duration-200" aria-disabled="false" type="button" tabindex="-1" aria-label="Browse Veggies" aria-haspopup="listbox" aria-expanded="false" aria-controls="" data-state="closed" data-test-id="veggie-search-toggle-button"><svg style="width: 1.25rem; height: 1.25rem;" class="shrink-0 motion-safe:duration-200" viewBox="0 0 24 24" aria-hidden="true">
        <path d="M7.41,8.58L12,13.17L16.59,8.58L18,10L12,16L6,10L7.41,8.58Z"></path>
      </svg></button>
  </div>
  <!--teleport start-->
  <!--teleport end-->
  <!--v-if-->
</div>
<div data-v-38bd5fcc="" class="category-status-chart__background shrink-0">
  <div data-v-38bd5fcc="" id="category-status-chart-center-label" class="category-status-chart__center-label" data-test-id="category-status-chart-center-label"><span data-v-38bd5fcc="">This Week</span> <span data-v-38bd5fcc="" class="font-numeric text-6xl">1</span> <span data-v-38bd5fcc="">Veggie</span></div><canvas data-v-38bd5fcc="" role="img" aria-label="Veggies of the Week" aria-description="See table below for details." class="z-10" data-test-id="category-status-chart" style="display: block; box-sizing: border-box; height: 0px; width: 0px;" height="0" width="0">
    <p></p>
  </canvas>
  <div data-v-38bd5fcc="" class="sr-only" data-test-id="category-status-table">
    <table>
      <caption>Veggies of the Week</caption>
      <thead>
        <tr>
          <th>Grains, Nuts, And Seeds</th>
        </tr>
      </thead>
      <tbody>
        <tr>
          <td>1</td>
        </tr>
      </tbody>
    </table>
  </div>
</div>
<!--v-if-->
<transition-group-stub data-v-cd627eac="" name="tags" tag="ul" appear="false" persisted="false" css="true" aria-label="Suggestions" tabindex="-1" class="tags__container">
  <li data-v-cd627eac="" data-test-id="tag-rice" class="z-10"><button data-v-cd627eac="" class="button-like bg-primary rounded-full text-xs hover:bg-primary-hover active:bg-primary-active text-fg fill-fg" type="button" id="tag-button-rice" aria-label="Add rice"><svg style="width: 1.25rem; height: 1.25rem;" class="shrink-0 motion-safe:duration-200" viewBox="0 0 24 24" aria-hidden="true">
        <path d="M19,13H13V19H11V13H5V11H11V5H13V11H19V13Z"></path>
      </svg>rice</button></li>
  <li data-v-cd627eac="" data-test-id="tag-rye" class="z-10"><button data-v-cd627eac="" class="button-like bg-primary rounded-full text-xs hover:bg-primary-hover active:bg-primary-active text-fg fill-fg" type="button" id="tag-button-rye" aria-label="Add rye"><svg style="width: 1.25rem; height: 1.25rem;" class="shrink-0 motion-safe:duration-200" viewBox="0 0 24 24" aria-hidden="true">
        <path d="M19,13H13V19H11V13H5V11H11V5H13V11H19V13Z"></path>
      </svg>rye</button></li>
</transition-group-stub>
<!--teleport start-->
<!--teleport end-->
<!--teleport start-->
<!--teleport end-->"
`;
