// Vitest Snapshot v1, https://vitest.dev/guide/snapshot.html

exports[`charts > prepares data for WeeklyAchievementsChart 1`] = `
[
  {
    "rawData": "allOnRed",
    "v": 0,
    "weekIndex": 0,
    "x": "26/2026",
    "y": "♥️",
  },
  {
    "rawData": "botanicalBerries",
    "v": 1,
    "weekIndex": 0,
    "x": "26/2026",
    "y": "🍅",
  },
  {
    "rawData": "goNuts",
    "v": 0,
    "weekIndex": 0,
    "x": "26/2026",
    "y": "🥜",
  },
  {
    "rawData": "lemons",
    "v": 0,
    "weekIndex": 0,
    "x": "26/2026",
    "y": "🍋",
  },
  {
    "rawData": "overachiever",
    "v": 0,
    "weekIndex": 0,
    "x": "26/2026",
    "y": "💪",
  },
  {
    "rawData": "rainbow",
    "v": 0,
    "weekIndex": 0,
    "x": "26/2026",
    "y": "🌈",
  },
  {
    "rawData": "tearnado",
    "v": 0,
    "weekIndex": 0,
    "x": "26/2026",
    "y": "🧅",
  },
  {
    "rawData": "thirtyVeggies",
    "v": 0,
    "weekIndex": 0,
    "x": "26/2026",
    "y": "🎉",
  },
  {
    "rawData": "allOnRed",
    "v": 0,
    "weekIndex": 1,
    "x": "27/2026",
    "y": "♥️",
  },
  {
    "rawData": "botanicalBerries",
    "v": 1,
    "weekIndex": 1,
    "x": "27/2026",
    "y": "🍅",
  },
  {
    "rawData": "goNuts",
    "v": 0,
    "weekIndex": 1,
    "x": "27/2026",
    "y": "🥜",
  },
  {
    "rawData": "lemons",
    "v": 1,
    "weekIndex": 1,
    "x": "27/2026",
    "y": "🍋",
  },
  {
    "rawData": "overachiever",
    "v": 0,
    "weekIndex": 1,
    "x": "27/2026",
    "y": "💪",
  },
  {
    "rawData": "rainbow",
    "v": 0,
    "weekIndex": 1,
    "x": "27/2026",
    "y": "🌈",
  },
  {
    "rawData": "tearnado",
    "v": 0,
    "weekIndex": 1,
    "x": "27/2026",
    "y": "🧅",
  },
  {
    "rawData": "thirtyVeggies",
    "v": 0,
    "weekIndex": 1,
    "x": "27/2026",
    "y": "🎉",
  },
  {
    "rawData": "allOnRed",
    "v": 0,
    "weekIndex": 2,
    "x": "28/2026",
    "y": "♥️",
  },
  {
    "rawData": "botanicalBerries",
    "v": 0,
    "weekIndex": 2,
    "x": "28/2026",
    "y": "🍅",
  },
  {
    "rawData": "goNuts",
    "v": 0,
    "weekIndex": 2,
    "x": "28/2026",
    "y": "🥜",
  },
  {
    "rawData": "lemons",
    "v": 0,
    "weekIndex": 2,
    "x": "28/2026",
    "y": "🍋",
  },
  {
    "rawData": "overachiever",
    "v": 0,
    "weekIndex": 2,
    "x": "28/2026",
    "y": "💪",
  },
  {
    "rawData": "rainbow",
    "v": 0,
    "weekIndex": 2,
    "x": "28/2026",
    "y": "🌈",
  },
  {
    "rawData": "tearnado",
    "v": 0,
    "weekIndex": 2,
    "x": "28/2026",
    "y": "🧅",
  },
  {
    "rawData": "thirtyVeggies",
    "v": 0,
    "weekIndex": 2,
    "x": "28/2026",
    "y": "🎉",
  },
]
`;

exports[`charts > prepares data for WeeklyHeatmap 1`] = `
[
  {
    "rawData": "Fruit",
    "v": 0,
    "weekIndex": 0,
    "x": "49/2025",
    "y": "🍎",
  },
  {
    "rawData": "Vegetable",
    "v": 0,
    "weekIndex": 0,
    "x": "49/2025",
    "y": "🥦",
  },
  {
    "rawData": "Leafy",
    "v": 0,
    "weekIndex": 0,
    "x": "49/2025",
    "y": "🥬",
  },
  {
    "rawData": "Root",
    "v": 0,
    "weekIndex": 0,
    "x": "49/2025",
    "y": "🥕",
  },
  {
    "rawData": "Bean",
    "v": 0,
    "weekIndex": 0,
    "x": "49/2025",
    "y": "🫛",
  },
  {
    "rawData": "Grain",
    "v": 0,
    "weekIndex": 0,
    "x": "49/2025",
    "y": "🌾",
  },
  {
    "rawData": "Mushroom",
    "v": 0,
    "weekIndex": 0,
    "x": "49/2025",
    "y": "🍄‍🟫",
  },
  {
    "rawData": "Fruit",
    "v": 0,
    "weekIndex": 1,
    "x": "50/2025",
    "y": "🍎",
  },
  {
    "rawData": "Vegetable",
    "v": 0,
    "weekIndex": 1,
    "x": "50/2025",
    "y": "🥦",
  },
  {
    "rawData": "Leafy",
    "v": 0,
    "weekIndex": 1,
    "x": "50/2025",
    "y": "🥬",
  },
  {
    "rawData": "Root",
    "v": 1,
    "weekIndex": 1,
    "x": "50/2025",
    "y": "🥕",
  },
  {
    "rawData": "Bean",
    "v": 6,
    "weekIndex": 1,
    "x": "50/2025",
    "y": "🫛",
  },
  {
    "rawData": "Grain",
    "v": 0,
    "weekIndex": 1,
    "x": "50/2025",
    "y": "🌾",
  },
  {
    "rawData": "Mushroom",
    "v": 0,
    "weekIndex": 1,
    "x": "50/2025",
    "y": "🍄‍🟫",
  },
  {
    "rawData": "Fruit",
    "v": 2,
    "weekIndex": 2,
    "x": "51/2025",
    "y": "🍎",
  },
  {
    "rawData": "Vegetable",
    "v": 1,
    "weekIndex": 2,
    "x": "51/2025",
    "y": "🥦",
  },
  {
    "rawData": "Leafy",
    "v": 0,
    "weekIndex": 2,
    "x": "51/2025",
    "y": "🥬",
  },
  {
    "rawData": "Root",
    "v": 1,
    "weekIndex": 2,
    "x": "51/2025",
    "y": "🥕",
  },
  {
    "rawData": "Bean",
    "v": 0,
    "weekIndex": 2,
    "x": "51/2025",
    "y": "🫛",
  },
  {
    "rawData": "Grain",
    "v": 0,
    "weekIndex": 2,
    "x": "51/2025",
    "y": "🌾",
  },
  {
    "rawData": "Mushroom",
    "v": 2,
    "weekIndex": 2,
    "x": "51/2025",
    "y": "🍄‍🟫",
  },
]
`;
