// Vitest Snapshot v1, https://vitest.dev/guide/snapshot.html

exports[`charts > prepares data for WeeklyHeatmap 1`] = `
[
  {
    "category": "Fruit",
    "v": 0,
    "x": "49/2025",
    "y": "🍎",
  },
  {
    "category": "Vegetable",
    "v": 0,
    "x": "49/2025",
    "y": "🥦",
  },
  {
    "category": "Leafy",
    "v": 0,
    "x": "49/2025",
    "y": "🥬",
  },
  {
    "category": "Root",
    "v": 0,
    "x": "49/2025",
    "y": "🥕",
  },
  {
    "category": "Bean",
    "v": 0,
    "x": "49/2025",
    "y": "🫛",
  },
  {
    "category": "Grain",
    "v": 0,
    "x": "49/2025",
    "y": "🌾",
  },
  {
    "category": "Mushroom",
    "v": 0,
    "x": "49/2025",
    "y": "🍄‍🟫",
  },
  {
    "category": "Fruit",
    "v": 0,
    "x": "50/2025",
    "y": "🍎",
  },
  {
    "category": "Vegetable",
    "v": 0,
    "x": "50/2025",
    "y": "🥦",
  },
  {
    "category": "Leafy",
    "v": 0,
    "x": "50/2025",
    "y": "🥬",
  },
  {
    "category": "Root",
    "v": 1,
    "x": "50/2025",
    "y": "🥕",
  },
  {
    "category": "Bean",
    "v": 6,
    "x": "50/2025",
    "y": "🫛",
  },
  {
    "category": "Grain",
    "v": 0,
    "x": "50/2025",
    "y": "🌾",
  },
  {
    "category": "Mushroom",
    "v": 0,
    "x": "50/2025",
    "y": "🍄‍🟫",
  },
  {
    "category": "Fruit",
    "v": 2,
    "x": "51/2025",
    "y": "🍎",
  },
  {
    "category": "Vegetable",
    "v": 1,
    "x": "51/2025",
    "y": "🥦",
  },
  {
    "category": "Leafy",
    "v": 0,
    "x": "51/2025",
    "y": "🥬",
  },
  {
    "category": "Root",
    "v": 1,
    "x": "51/2025",
    "y": "🥕",
  },
  {
    "category": "Bean",
    "v": 0,
    "x": "51/2025",
    "y": "🫛",
  },
  {
    "category": "Grain",
    "v": 0,
    "x": "51/2025",
    "y": "🌾",
  },
  {
    "category": "Mushroom",
    "v": 2,
    "x": "51/2025",
    "y": "🍄‍🟫",
  },
]
`;
