// Vitest Snapshot v1, https://vitest.dev/guide/snapshot.html

exports[`AchievementBadge > renders active 1`] = `
"<li data-v-cdf471ca="" aria-disabled="false" aria-label="150 unique veggies" data-test-id="badge-completionist-3" class="badge" role="img">
  <div data-v-cdf471ca="" class="badge__background badge__background--Gold" aria-hidden="true">
    <div data-v-cdf471ca="" class="badge__emoji">🦅</div>
  </div>
  <div data-v-cdf471ca="" aria-hidden="true" class="badge__text">150 veggies</div>
</li>"
`;

exports[`AchievementBadge > renders inactive 1`] = `
"<li data-v-cdf471ca="" aria-disabled="true" aria-label="10 week streak of over 30 veggies" data-test-id="badge-hotStreak-2" class="badge" role="img">
  <div data-v-cdf471ca="" class="badge__background badge__background--Silver" aria-hidden="true">
    <div data-v-cdf471ca="" class="badge__emoji">🔥</div>
  </div>
  <div data-v-cdf471ca="" aria-hidden="true" class="badge__text">10 Weeks</div>
</li>"
`;
