// Vitest Snapshot v1, https://vitest.dev/guide/snapshot.html

exports[`AllTimeStatus > renders 1`] = `
"<div data-v-900f68cf="" class="all-time-status__container">
  <div data-v-900f68cf="" class="all-time-status__item" data-test-id="all-time-status-totalWeeks"><span>In Total</span> <span class="text-5xl">1</span> <span>Weeks</span><button data-v-24e38f3d="" class="button button--text absolute" data-test-id="stat-container-copy-button-totalWeeks" style="left: calc(50% + 3rem);">
      <!--v-if--><svg style="width: 1.25rem; height: 1.25rem;" class="flex-shrink-0" viewBox="0 0 24 24" aria-hidden="true">
        <path d="M19,21H8V7H19M19,5H8A2,2 0 0,0 6,7V21A2,2 0 0,0 8,23H19A2,2 0 0,0 21,21V7A2,2 0 0,0 19,5M16,1H4A2,2 0 0,0 2,3V17H4V3H16V1Z" class="transition-all"></path>
      </svg>
    </button></div>
  <div data-v-900f68cf="" class="all-time-status__item" data-test-id="all-time-status-over30Veggies"><span>Over 30 Veggies in</span> <span class="text-5xl">0</span> <span>Weeks</span><button data-v-24e38f3d="" class="button button--text absolute" data-test-id="stat-container-copy-button-over30Veggies" style="left: calc(50% + 3rem);">
      <!--v-if--><svg style="width: 1.25rem; height: 1.25rem;" class="flex-shrink-0" viewBox="0 0 24 24" aria-hidden="true">
        <path d="M19,21H8V7H19M19,5H8A2,2 0 0,0 6,7V21A2,2 0 0,0 8,23H19A2,2 0 0,0 21,21V7A2,2 0 0,0 19,5M16,1H4A2,2 0 0,0 2,3V17H4V3H16V1Z" class="transition-all"></path>
      </svg>
    </button></div>
  <div data-v-900f68cf="" class="all-time-status__item" data-test-id="all-time-status-uniqueVeggies"><span>In Total</span> <span class="text-5xl">0</span> <span>Unique Veggies</span><button data-v-24e38f3d="" class="button button--text absolute" data-test-id="stat-container-copy-button-uniqueVeggies" style="left: calc(50% + 3rem);">
      <!--v-if--><svg style="width: 1.25rem; height: 1.25rem;" class="flex-shrink-0" viewBox="0 0 24 24" aria-hidden="true">
        <path d="M19,21H8V7H19M19,5H8A2,2 0 0,0 6,7V21A2,2 0 0,0 8,23H19A2,2 0 0,0 21,21V7A2,2 0 0,0 19,5M16,1H4A2,2 0 0,0 2,3V17H4V3H16V1Z" class="transition-all"></path>
      </svg>
    </button></div>
  <div data-v-900f68cf="" class="all-time-status__item" data-test-id="all-time-status-atMostVeggies"><span>At Most</span> <span class="text-5xl">0</span> <span>Veggies in a Week</span><button data-v-24e38f3d="" class="button button--text absolute" data-test-id="stat-container-copy-button-atMostVeggies" style="left: calc(50% + 3rem);">
      <!--v-if--><svg style="width: 1.25rem; height: 1.25rem;" class="flex-shrink-0" viewBox="0 0 24 24" aria-hidden="true">
        <path d="M19,21H8V7H19M19,5H8A2,2 0 0,0 6,7V21A2,2 0 0,0 8,23H19A2,2 0 0,0 21,21V7A2,2 0 0,0 19,5M16,1H4A2,2 0 0,0 2,3V17H4V3H16V1Z" class="transition-all"></path>
      </svg>
    </button></div>
  <div data-v-900f68cf="" class="col-span-2 all-time-status__item" data-test-id="all-time-status-completedChallenges"><span>Completed</span> <span class="text-5xl">0</span> <span>Weekly Challenges</span><button data-v-24e38f3d="" class="button button--text absolute" data-test-id="stat-container-copy-button-completedChallenges" style="left: calc(50% + 3rem);">
      <!--v-if--><svg style="width: 1.25rem; height: 1.25rem;" class="flex-shrink-0" viewBox="0 0 24 24" aria-hidden="true">
        <path d="M19,21H8V7H19M19,5H8A2,2 0 0,0 6,7V21A2,2 0 0,0 8,23H19A2,2 0 0,0 21,21V7A2,2 0 0,0 19,5M16,1H4A2,2 0 0,0 2,3V17H4V3H16V1Z" class="transition-all"></path>
      </svg>
    </button></div>
</div>"
`;
