// Vitest Snapshot v1, https://vitest.dev/guide/snapshot.html

exports[`HomeView > renders 1`] = `
"<div data-v-b4e148ca="" class="home__container">
  <h1 data-v-b4e148ca="" class="home__title">Eat Your Veggies</h1>
  <p data-v-b4e148ca="" class="sm:text-center">Adopt a healthy lifestyle by eating 30 plant-based ingredients each week. Track your progress easily with this free app.</p>
  <div data-v-b4e148ca="" class="flex-container justify-center"><button data-v-24e38f3d="" data-v-b4e148ca="" class="button button--primary" data-test-id="home-info-button">
      <!--v-if-->Learn more
    </button><button data-v-24e38f3d="" data-v-b4e148ca="" class="button button--primary" data-test-id="home-start-button">
      <!--v-if-->Start
    </button></div>
  <!---->
</div>"
`;
