// Vitest Snapshot v1, https://vitest.dev/guide/snapshot.html

exports[`HomeView > renders 1`] = `
"<h1 data-v-b4e148ca="" class="welcome__title">Eat Your Veggies</h1>
<p data-v-b4e148ca="" class="sm:text-center">Adopt a healthy lifestyle by eating 30 fruits and vegetables each week. Track your progress easily with this free app.</p>
<div data-v-b4e148ca="" class="flex-container"><button data-v-24e38f3d="" data-v-b4e148ca="" class="button button--primary flex-container">
    <!--v-if-->Learn more
  </button><button data-v-24e38f3d="" data-v-b4e148ca="" class="button button--primary flex-container">
    <!--v-if-->Start
  </button></div>"
`;
