// Vitest Snapshot v1, https://vitest.dev/guide/snapshot.html

exports[`LogView > renders 1`] = `
"<h1 class="sr-only">Track Progress</h1>
<div class="relative h-12 z-20" data-headlessui-state=""><input data-v-487fdf11="" value="" id="headlessui-combobox-input-v-0" aria-expanded="false" aria-autocomplete="list" role="combobox" type="text" tabindex="0" data-headlessui-state="" aria-label="Track Weekly Veggies" placeholder="Track Weekly Veggies" class="veggie-search__input" data-test-id="veggie-search-input"><button data-v-487fdf11="" id="headlessui-combobox-button-v-1" type="button" tabindex="-1" aria-haspopup="listbox" aria-expanded="false" data-headlessui-state="" class="veggie-search__button" data-test-id="veggie-search-button"><svg data-v-487fdf11="" style="width: 1.25rem; height: 1.25rem;" class="flex-shrink-0" viewBox="0 0 24 24" aria-hidden="true">
      <path d="M7.41,8.58L12,13.17L16.59,8.58L18,10L12,16L6,10L7.41,8.58Z" class="transition-all"></path>
    </svg></button>
  <!---->
</div>
<front-page-animation-stub></front-page-animation-stub>
<transition-group-stub data-v-cd627eac="" name="tags" tag="ul" appear="false" persisted="false" css="true" class="tags__container"></transition-group-stub>"
`;

exports[`LogView > renders with data 1`] = `
"<h1 class="sr-only">Track Progress</h1>
<div class="relative h-12 z-20" data-headlessui-state=""><input data-v-487fdf11="" value="" id="headlessui-combobox-input-v-0" aria-expanded="false" aria-autocomplete="list" role="combobox" type="text" tabindex="0" data-headlessui-state="" aria-label="Track Weekly Veggies" placeholder="Track Weekly Veggies" class="veggie-search__input" data-test-id="veggie-search-input"><button data-v-487fdf11="" id="headlessui-combobox-button-v-1" type="button" tabindex="-1" aria-haspopup="listbox" aria-expanded="false" data-headlessui-state="" class="veggie-search__button" data-test-id="veggie-search-button"><svg data-v-487fdf11="" style="width: 1.25rem; height: 1.25rem;" class="flex-shrink-0" viewBox="0 0 24 24" aria-hidden="true">
      <path d="M7.41,8.58L12,13.17L16.59,8.58L18,10L12,16L6,10L7.41,8.58Z" class="transition-all"></path>
    </svg></button>
  <!---->
</div>
<div data-v-38bd5fcc="" class="category-status-chart__background">
  <div data-v-38bd5fcc="" data="[object Object]" options="[object Object]" aria-labelledby="category-status-chart-center-label" aria-describedby="category-status-table" data-test-id="category-status-chart"></div>
  <div data-v-38bd5fcc="" id="category-status-chart-center-label" class="category-status-chart__center-label" data-test-id="category-status-chart-center-label"><span data-v-38bd5fcc="">This Week</span> <span data-v-38bd5fcc="" class="text-6xl">1</span> <span data-v-38bd5fcc="">Veggies</span></div>
  <table data-v-38bd5fcc="" class="sr-only" id="category-status-table">
    <caption>Veggies of the Week</caption>
    <thead>
      <tr>
        <!--v-if-->
        <th>Grains, Nuts, And Seeds</th>
      </tr>
    </thead>
    <tbody>
      <tr>
        <td>1</td>
      </tr>
    </tbody>
  </table>
</div>
<transition-group-stub data-v-cd627eac="" name="tags" tag="ul" appear="false" persisted="false" css="true" class="tags__container">
  <li data-v-cd627eac="" data-test-id="tag-rice" class="tags__tag"><button data-v-24e38f3d="" data-v-cd627eac="" class="button button--tag button--primary" aria-label="Add rice">
      <!--v-if--><svg data-v-cd627eac="" style="width: 1.25rem; height: 1.25rem;" class="flex-shrink-0" viewBox="0 0 24 24" aria-hidden="true">
        <path d="M19,13H13V19H11V13H5V11H11V5H13V11H19V13Z" class="transition-all"></path>
      </svg> rice
    </button></li>
  <li data-v-cd627eac="" data-test-id="tag-rye" class="tags__tag"><button data-v-24e38f3d="" data-v-cd627eac="" class="button button--tag button--primary" aria-label="Add rye">
      <!--v-if--><svg data-v-cd627eac="" style="width: 1.25rem; height: 1.25rem;" class="flex-shrink-0" viewBox="0 0 24 24" aria-hidden="true">
        <path d="M19,13H13V19H11V13H5V11H11V5H13V11H19V13Z" class="transition-all"></path>
      </svg> rye
    </button></li>
</transition-group-stub>"
`;
