// Vitest Snapshot v1, https://vitest.dev/guide/snapshot.html

exports[`StatsView > renders current week by default 1`] = `
"<h1 data-v-a19ac338="" class="sr-only">Statistics</h1>
<div class="relative z-20" data-headlessui-state="">
  <div data-v-a19ac338="" class="flex-container flex-col"><label data-v-a19ac338="" id="headlessui-listbox-label-v-0" data-headlessui-state="" class="label-like">Chosen Statistics</label><button data-v-a19ac338="" id="headlessui-listbox-button-v-1" type="button" aria-haspopup="listbox" aria-expanded="false" data-headlessui-state="" class="stats__list-box-button" data-test-id="stats-dropdown-button"><span data-v-a19ac338="" class="truncate">This week's veggies</span><svg data-v-a19ac338="" style="width: 1.25rem; height: 1.25rem;" class="flex-shrink-0" viewBox="0 0 24 24" aria-hidden="true">
        <path d="M7.41,8.58L12,13.17L16.59,8.58L18,10L12,16L6,10L7.41,8.58Z" class="transition-all"></path>
      </svg></button></div>
  <transition-stub data-v-a19ac338="" leaveactiveclass="transition duration-100 ease-in" leavefromclass="opacity-100" leavetoclass="opacity-0" appear="false" persisted="false" css="true">
    <!---->
  </transition-stub>
</div>
<transition-group-stub data-v-cd627eac="" data-v-a19ac338="" name="tags" tag="ul" appear="false" persisted="false" css="true" class="tags__container">
  <li data-v-cd627eac="" data-test-id="tag-apple" class="tags__tag"><button data-v-24e38f3d="" data-v-cd627eac="" class="button button--tag button--remove" aria-label="Remove apple">
      <!--v-if--><svg data-v-cd627eac="" style="width: 1.25rem; height: 1.25rem;" class="flex-shrink-0" viewBox="0 0 24 24" aria-hidden="true">
        <path d="M19,13H5V11H19V13Z" class="transition-all"></path>
      </svg> apple
    </button></li>
  <li data-v-cd627eac="" data-test-id="tag-chickpea" class="tags__tag"><button data-v-24e38f3d="" data-v-cd627eac="" class="button button--tag button--remove" aria-label="Remove chickpea">
      <!--v-if--><svg data-v-cd627eac="" style="width: 1.25rem; height: 1.25rem;" class="flex-shrink-0" viewBox="0 0 24 24" aria-hidden="true">
        <path d="M19,13H5V11H19V13Z" class="transition-all"></path>
      </svg> chickpea
    </button></li>
  <li data-v-cd627eac="" data-test-id="tag-raspberry" class="tags__tag"><button data-v-24e38f3d="" data-v-cd627eac="" class="button button--tag button--remove" aria-label="Remove raspberry">
      <!--v-if--><svg data-v-cd627eac="" style="width: 1.25rem; height: 1.25rem;" class="flex-shrink-0" viewBox="0 0 24 24" aria-hidden="true">
        <path d="M19,13H5V11H19V13Z" class="transition-all"></path>
      </svg> raspberry
    </button></li>
</transition-group-stub>
<!--v-if-->
<!--v-if-->
<!--v-if-->
<!--v-if-->
<!--v-if-->
<!--v-if-->"
`;
