// Vitest Snapshot v1, https://vitest.dev/guide/snapshot.html

exports[`TagsComponent > renders 1`] = `
"<transition-group-stub data-v-cd627eac="" name="tags" tag="ul" appear="false" persisted="false" css="true" aria-label="Suggestions" tabindex="-1" class="tags__container">
  <li data-v-cd627eac="" data-test-id="tag-pineapple" class="z-10"><button data-v-cd627eac="" class="button-like bg-[--color-primary] rounded-full text-xs hover:bg-[--color-primary-hover] active:bg-[--color-primary-active] text-[--color-text] fill-[--color-text]" type="button" id="tag-button-pineapple" aria-label="Add pineapple"><svg style="width: 1.25rem; height: 1.25rem;" class="shrink-0" viewBox="0 0 24 24" aria-hidden="true">
        <path d="M19,13H13V19H11V13H5V11H11V5H13V11H19V13Z" class="transition-all"></path>
      </svg>pineapple</button></li>
  <li data-v-cd627eac="" data-test-id="tag-tomato" class="z-10"><button data-v-cd627eac="" class="button-like bg-[--color-primary] rounded-full text-xs hover:bg-[--color-primary-hover] active:bg-[--color-primary-active] text-[--color-text] fill-[--color-text]" type="button" id="tag-button-tomato" aria-label="Add tomato"><svg style="width: 1.25rem; height: 1.25rem;" class="shrink-0" viewBox="0 0 24 24" aria-hidden="true">
        <path d="M19,13H13V19H11V13H5V11H11V5H13V11H19V13Z" class="transition-all"></path>
      </svg>tomato</button></li>
</transition-group-stub>"
`;
