// Vitest Snapshot v1, https://vitest.dev/guide/snapshot.html

exports[`VeggieSearch > renders 1`] = `
"<div dir="ltr">
  <div data-v-487fdf11="" class="relative"><input data-v-487fdf11="" aria-disabled="false" type="text" aria-expanded="false" aria-controls="" aria-autocomplete="list" role="combobox" autocomplete="off" id="veggie-search-input" aria-label="Add Weekly Veggies" placeholder="Add Weekly Veggies" class="veggie-search__input" inputmode="search" autocorrect="off" autocapitalize="none" maxlength="20" data-test-id="veggie-search-input" value="">
    <!--v-if--><button data-v-ee781121="" data-v-487fdf11="" class="button-like button button--text button--alternative veggie-search__button right-2 outline-override transition duration-200" type="button" tabindex="-1" aria-label="Show popup" aria-haspopup="listbox" aria-expanded="false" aria-controls="" data-state="closed" aria-disabled="false" data-test-id="veggie-search-toggle-button"><svg data-v-ee781121="" style="width: 1.25rem; height: 1.25rem;" class="shrink-0" viewBox="0 0 24 24" aria-hidden="true">
        <path d="M7.41,8.58L12,13.17L16.59,8.58L18,10L12,16L6,10L7.41,8.58Z" class="transition-all"></path>
      </svg></button>
  </div>
  <!--v-if-->
  <!--v-if-->
</div>"
`;
