// Vitest Snapshot v1, https://vitest.dev/guide/snapshot.html

exports[`VeggieList > renders 1`] = `
"<div data-v-5aea2802="" class="flex min-h-0">
  <div data-v-5aea2802="" class="veggie-list" data-test-id="veggie-list">
    <veggie-completion-chart-stub data-v-5aea2802="" veggies=""></veggie-completion-chart-stub>
    <ul data-v-5aea2802="" class="veggie-list__category">
      <content-element-stub data-v-5aea2802="" title="Fruits And Berries" aria-hidden="false"></content-element-stub>
    </ul>
    <ul data-v-5aea2802="" class="veggie-list__category">
      <content-element-stub data-v-5aea2802="" title="Vegetables" aria-hidden="false"></content-element-stub>
    </ul>
    <ul data-v-5aea2802="" class="veggie-list__category">
      <content-element-stub data-v-5aea2802="" title="Leafy Greens And Herbs" aria-hidden="false"></content-element-stub>
    </ul>
    <ul data-v-5aea2802="" class="veggie-list__category">
      <content-element-stub data-v-5aea2802="" title="Roots And Bulbs" aria-hidden="false"></content-element-stub>
    </ul>
    <ul data-v-5aea2802="" class="veggie-list__category">
      <content-element-stub data-v-5aea2802="" title="Beans And Legumes" aria-hidden="false"></content-element-stub>
    </ul>
    <ul data-v-5aea2802="" class="veggie-list__category">
      <content-element-stub data-v-5aea2802="" title="Grains, Nuts, And Seeds" aria-hidden="false"></content-element-stub>
    </ul>
  </div>
</div>"
`;
