// Vitest Snapshot v1, https://vitest.dev/guide/snapshot.html

exports[`WeekEditor > renders 1`] = `
"<div class="week-editor" data-test-id="week-editor">
  <div class="relative z-30" data-headlessui-state="">
    <div class="flex-container flex-col"><label id="headlessui-listbox-label-v-0" data-headlessui-state="" class="label-like">Edit Week</label><button data-v-24e38f3d="" class="button-like button--primary justify-between" id="headlessui-listbox-button-v-1" aria-haspopup="listbox" aria-expanded="false" data-headlessui-state="" data-test-id="week-editor-dropdown-button">
        <!--v-if--><time datetime="2024W01" class="truncate">Week 1/2025 (30/12-05/01)</time><svg style="width: 1.25rem; height: 1.25rem;" class="shrink-0" viewBox="0 0 24 24" aria-hidden="true">
          <path d="M7.41,8.58L12,13.17L16.59,8.58L18,10L12,16L6,10L7.41,8.58Z" class="transition-all"></path>
        </svg>
      </button></div>
    <!---->
  </div>
  <div data-v-487fdf11="" class="relative z-20"><input data-v-487fdf11="" aria-label="Add Weekly Veggies" aria-expanded="false" placeholder="Add Weekly Veggies" class="veggie-search__input" inputmode="search" autocomplete="off" autocorrect="off" autocapitalize="none" maxlength="20" data-test-id="veggie-search-input" value="" id="veggie-search-input" aria-autocomplete="list" role="combobox" type="text" tabindex="0" data-headlessui-state="">
    <!--v-if--><button data-v-24e38f3d="" data-v-487fdf11="" class="button-like button--text veggie-search__button right-2 outline-override" aria-expanded="false" data-test-id="veggie-search-toggle-button" aria-haspopup="listbox" aria-controls="veggie-search-options"><svg data-v-24e38f3d="" style="width: 1.25rem; height: 1.25rem;" class="shrink-0" viewBox="0 0 24 24" aria-hidden="true">
        <path d="M7.41,8.58L12,13.17L16.59,8.58L18,10L12,16L6,10L7.41,8.58Z" class="transition-all"></path>
      </svg></button>
    <transition-stub data-v-487fdf11="" leaveactiveclass="ease-in duration-200" leavefromclass="opacity-100" leavetoclass="opacity-0" appear="false" persisted="true" css="true">
      <div data-v-487fdf11="" id="veggie-search-options" role="listbox" aria-multiselectable="true" data-headlessui-state="" style="max-height: calc(768px - 1rem); display: none;" class="veggie-search__options" data-test-id="veggie-search-options">
        <!--v-if-->
        <!--v-if-->
        <ul data-v-2d6d64fa="" data-v-487fdf11="" aria-labelledby="veggie-search-label-Fruit" data-test-id="veggie-search-group-Fruit" role="group">
          <li data-v-2d6d64fa="" class="veggie-search__heading" role="presentation">
            <div data-v-2d6d64fa="" class="flex-container" role="presentation"><span data-v-2d6d64fa="" aria-hidden="true">🍎</span><span data-v-2d6d64fa="" id="veggie-search-label-Fruit" role="presentation">Fruits And Berries (65)</span></div>
            <div data-v-2d6d64fa="" class="flex-container"><button data-v-24e38f3d="" data-v-2d6d64fa="" class="button-like button--text hover:fill-[--color-link-hover]" aria-label="Previous Category" data-test-id="veggie-search-previous-Fruit" role="button"><svg data-v-24e38f3d="" style="width: 1.25rem; height: 1.25rem;" class="shrink-0" viewBox="0 0 24 24" aria-hidden="true">
                  <path d="M7.41,18.41L6,17L12,11L18,17L16.59,18.41L12,13.83L7.41,18.41M7.41,12.41L6,11L12,5L18,11L16.59,12.41L12,7.83L7.41,12.41Z" class="transition-all"></path>
                </svg></button><button data-v-24e38f3d="" data-v-2d6d64fa="" class="button-like button--text hover:fill-[--color-link-hover]" aria-label="Next Category" data-test-id="veggie-search-next-Fruit" role="button"><svg data-v-24e38f3d="" style="width: 1.25rem; height: 1.25rem;" class="shrink-0" viewBox="0 0 24 24" aria-hidden="true">
                  <path d="M16.59,5.59L18,7L12,13L6,7L7.41,5.59L12,10.17L16.59,5.59M16.59,11.59L18,13L12,19L6,13L7.41,11.59L12,16.17L16.59,11.59Z" class="transition-all"></path>
                </svg></button></div>
          </li>
          <li data-v-2d6d64fa="" class="dropdown-list-option" data-test-id="veggie-search-option-apple" id="headlessui-combobox-option-v-3" role="option" tabindex="-1" aria-selected="false" data-headlessui-state=""><span>apple</span>
            <!--v-if-->
          </li>
          <li data-v-2d6d64fa="" class="dropdown-list-option" data-test-id="veggie-search-option-apricot" id="headlessui-combobox-option-v-4" role="option" tabindex="-1" aria-selected="false" data-headlessui-state=""><span>apricot</span>
            <!--v-if-->
          </li>
          <li data-v-2d6d64fa="" class="dropdown-list-option" data-test-id="veggie-search-option-asian pear" id="headlessui-combobox-option-v-5" role="option" tabindex="-1" aria-selected="false" data-headlessui-state=""><span>asian pear</span>
            <!--v-if-->
          </li>
          <li data-v-2d6d64fa="" class="dropdown-list-option" data-test-id="veggie-search-option-banana" id="headlessui-combobox-option-v-6" role="option" tabindex="-1" aria-selected="false" data-headlessui-state=""><span>banana</span>
            <!--v-if-->
          </li>
          <li data-v-2d6d64fa="" class="dropdown-list-option" data-test-id="veggie-search-option-blackberry" id="headlessui-combobox-option-v-7" role="option" tabindex="-1" aria-selected="false" data-headlessui-state=""><span>blackberry</span>
            <!--v-if-->
          </li>
          <li data-v-2d6d64fa="" class="dropdown-list-option" data-test-id="veggie-search-option-blackcurrant" id="headlessui-combobox-option-v-8" role="option" tabindex="-1" aria-selected="false" data-headlessui-state=""><span>blackcurrant</span>
            <!--v-if-->
          </li>
          <li data-v-2d6d64fa="" class="dropdown-list-option" data-test-id="veggie-search-option-blood grapefruit" id="headlessui-combobox-option-v-9" role="option" tabindex="-1" aria-selected="false" data-headlessui-state=""><span>blood grapefruit</span>
            <!--v-if-->
          </li>
          <li data-v-2d6d64fa="" class="dropdown-list-option" data-test-id="veggie-search-option-blood orange" id="headlessui-combobox-option-v-10" role="option" tabindex="-1" aria-selected="false" data-headlessui-state=""><span>blood orange</span>
            <!--v-if-->
          </li>
          <li data-v-2d6d64fa="" class="dropdown-list-option" data-test-id="veggie-search-option-blueberry" id="headlessui-combobox-option-v-11" role="option" tabindex="-1" aria-selected="false" data-headlessui-state=""><span>blueberry</span>
            <!--v-if-->
          </li>
          <li data-v-2d6d64fa="" class="dropdown-list-option" data-test-id="veggie-search-option-boysenberry" id="headlessui-combobox-option-v-12" role="option" tabindex="-1" aria-selected="false" data-headlessui-state=""><span>boysenberry</span>
            <!--v-if-->
          </li>
          <li data-v-2d6d64fa="" class="dropdown-list-option" data-test-id="veggie-search-option-calamansi" id="headlessui-combobox-option-v-13" role="option" tabindex="-1" aria-selected="false" data-headlessui-state=""><span>calamansi</span>
            <!--v-if-->
          </li>
          <li data-v-2d6d64fa="" class="dropdown-list-option" data-test-id="veggie-search-option-cantaloupe" id="headlessui-combobox-option-v-14" role="option" tabindex="-1" aria-selected="false" data-headlessui-state=""><span>cantaloupe</span>
            <!--v-if-->
          </li>
          <li data-v-2d6d64fa="" class="dropdown-list-option" data-test-id="veggie-search-option-cape gooseberry" id="headlessui-combobox-option-v-15" role="option" tabindex="-1" aria-selected="false" data-headlessui-state=""><span>cape gooseberry</span>
            <!--v-if-->
          </li>
          <li data-v-2d6d64fa="" class="dropdown-list-option" data-test-id="veggie-search-option-caper" id="headlessui-combobox-option-v-16" role="option" tabindex="-1" aria-selected="false" data-headlessui-state=""><span>caper</span>
            <!--v-if-->
          </li>
          <li data-v-2d6d64fa="" class="dropdown-list-option" data-test-id="veggie-search-option-cherimoya" id="headlessui-combobox-option-v-17" role="option" tabindex="-1" aria-selected="false" data-headlessui-state=""><span>cherimoya</span>
            <!--v-if-->
          </li>
          <li data-v-2d6d64fa="" class="dropdown-list-option" data-test-id="veggie-search-option-cherry" id="headlessui-combobox-option-v-18" role="option" tabindex="-1" aria-selected="false" data-headlessui-state=""><span>cherry</span>
            <!--v-if-->
          </li>
          <li data-v-2d6d64fa="" class="dropdown-list-option" data-test-id="veggie-search-option-clementine" id="headlessui-combobox-option-v-19" role="option" tabindex="-1" aria-selected="false" data-headlessui-state=""><span>clementine</span>
            <!--v-if-->
          </li>
          <li data-v-2d6d64fa="" class="dropdown-list-option" data-test-id="veggie-search-option-cloudberry" id="headlessui-combobox-option-v-20" role="option" tabindex="-1" aria-selected="false" data-headlessui-state=""><span>cloudberry</span>
            <!--v-if-->
          </li>
          <li data-v-2d6d64fa="" class="dropdown-list-option" data-test-id="veggie-search-option-coconut" id="headlessui-combobox-option-v-21" role="option" tabindex="-1" aria-selected="false" data-headlessui-state=""><span>coconut</span>
            <!--v-if-->
          </li>
          <li data-v-2d6d64fa="" class="dropdown-list-option" data-test-id="veggie-search-option-cranberry" id="headlessui-combobox-option-v-22" role="option" tabindex="-1" aria-selected="false" data-headlessui-state=""><span>cranberry</span>
            <!--v-if-->
          </li>
          <li data-v-2d6d64fa="" class="dropdown-list-option" data-test-id="veggie-search-option-date" id="headlessui-combobox-option-v-23" role="option" tabindex="-1" aria-selected="false" data-headlessui-state=""><span>date</span>
            <!--v-if-->
          </li>
          <li data-v-2d6d64fa="" class="dropdown-list-option" data-test-id="veggie-search-option-dragon fruit" id="headlessui-combobox-option-v-24" role="option" tabindex="-1" aria-selected="false" data-headlessui-state=""><span>dragon fruit</span>
            <!--v-if-->
          </li>
          <li data-v-2d6d64fa="" class="dropdown-list-option" data-test-id="veggie-search-option-durian" id="headlessui-combobox-option-v-25" role="option" tabindex="-1" aria-selected="false" data-headlessui-state=""><span>durian</span>
            <!--v-if-->
          </li>
          <li data-v-2d6d64fa="" class="dropdown-list-option" data-test-id="veggie-search-option-fig" id="headlessui-combobox-option-v-26" role="option" tabindex="-1" aria-selected="false" data-headlessui-state=""><span>fig</span>
            <!--v-if-->
          </li>
          <li data-v-2d6d64fa="" class="dropdown-list-option" data-test-id="veggie-search-option-finger lime" id="headlessui-combobox-option-v-27" role="option" tabindex="-1" aria-selected="false" data-headlessui-state=""><span>finger lime</span>
            <!--v-if-->
          </li>
          <li data-v-2d6d64fa="" class="dropdown-list-option" data-test-id="veggie-search-option-goji berry" id="headlessui-combobox-option-v-28" role="option" tabindex="-1" aria-selected="false" data-headlessui-state=""><span>goji berry</span>
            <!--v-if-->
          </li>
          <li data-v-2d6d64fa="" class="dropdown-list-option" data-test-id="veggie-search-option-gooseberry" id="headlessui-combobox-option-v-29" role="option" tabindex="-1" aria-selected="false" data-headlessui-state=""><span>gooseberry</span>
            <!--v-if-->
          </li>
          <li data-v-2d6d64fa="" class="dropdown-list-option" data-test-id="veggie-search-option-grape" id="headlessui-combobox-option-v-30" role="option" tabindex="-1" aria-selected="false" data-headlessui-state=""><span>grape</span>
            <!--v-if-->
          </li>
          <li data-v-2d6d64fa="" class="dropdown-list-option" data-test-id="veggie-search-option-grapefruit" id="headlessui-combobox-option-v-31" role="option" tabindex="-1" aria-selected="false" data-headlessui-state=""><span>grapefruit</span>
            <!--v-if-->
          </li>
          <li data-v-2d6d64fa="" class="dropdown-list-option" data-test-id="veggie-search-option-grenadilla" id="headlessui-combobox-option-v-32" role="option" tabindex="-1" aria-selected="false" data-headlessui-state=""><span>grenadilla</span>
            <!--v-if-->
          </li>
          <li data-v-2d6d64fa="" class="dropdown-list-option" data-test-id="veggie-search-option-guava" id="headlessui-combobox-option-v-33" role="option" tabindex="-1" aria-selected="false" data-headlessui-state=""><span>guava</span>
            <!--v-if-->
          </li>
          <li data-v-2d6d64fa="" class="dropdown-list-option" data-test-id="veggie-search-option-honeydew melon" id="headlessui-combobox-option-v-34" role="option" tabindex="-1" aria-selected="false" data-headlessui-state=""><span>honeydew melon</span>
            <!--v-if-->
          </li>
          <li data-v-2d6d64fa="" class="dropdown-list-option" data-test-id="veggie-search-option-jackfruit" id="headlessui-combobox-option-v-35" role="option" tabindex="-1" aria-selected="false" data-headlessui-state=""><span>jackfruit</span>
            <!--v-if-->
          </li>
          <li data-v-2d6d64fa="" class="dropdown-list-option" data-test-id="veggie-search-option-kiwi" id="headlessui-combobox-option-v-36" role="option" tabindex="-1" aria-selected="false" data-headlessui-state=""><span>kiwi</span>
            <!--v-if-->
          </li>
          <li data-v-2d6d64fa="" class="dropdown-list-option" data-test-id="veggie-search-option-kumquat" id="headlessui-combobox-option-v-37" role="option" tabindex="-1" aria-selected="false" data-headlessui-state=""><span>kumquat</span>
            <!--v-if-->
          </li>
          <li data-v-2d6d64fa="" class="dropdown-list-option" data-test-id="veggie-search-option-lemon" id="headlessui-combobox-option-v-38" role="option" tabindex="-1" aria-selected="false" data-headlessui-state=""><span>lemon</span>
            <!--v-if-->
          </li>
          <li data-v-2d6d64fa="" class="dropdown-list-option" data-test-id="veggie-search-option-lime" id="headlessui-combobox-option-v-39" role="option" tabindex="-1" aria-selected="false" data-headlessui-state=""><span>lime</span>
            <!--v-if-->
          </li>
          <li data-v-2d6d64fa="" class="dropdown-list-option" data-test-id="veggie-search-option-lingonberry" id="headlessui-combobox-option-v-40" role="option" tabindex="-1" aria-selected="false" data-headlessui-state=""><span>lingonberry</span>
            <!--v-if-->
          </li>
          <li data-v-2d6d64fa="" class="dropdown-list-option" data-test-id="veggie-search-option-longan" id="headlessui-combobox-option-v-41" role="option" tabindex="-1" aria-selected="false" data-headlessui-state=""><span>longan</span>
            <!--v-if-->
          </li>
          <li data-v-2d6d64fa="" class="dropdown-list-option" data-test-id="veggie-search-option-lychee" id="headlessui-combobox-option-v-42" role="option" tabindex="-1" aria-selected="false" data-headlessui-state=""><span>lychee</span>
            <!--v-if-->
          </li>
          <li data-v-2d6d64fa="" class="dropdown-list-option" data-test-id="veggie-search-option-mandarin" id="headlessui-combobox-option-v-43" role="option" tabindex="-1" aria-selected="false" data-headlessui-state=""><span>mandarin</span>
            <!--v-if-->
          </li>
          <li data-v-2d6d64fa="" class="dropdown-list-option" data-test-id="veggie-search-option-mango" id="headlessui-combobox-option-v-44" role="option" tabindex="-1" aria-selected="false" data-headlessui-state=""><span>mango</span>
            <!--v-if-->
          </li>
          <li data-v-2d6d64fa="" class="dropdown-list-option" data-test-id="veggie-search-option-mangosteen" id="headlessui-combobox-option-v-45" role="option" tabindex="-1" aria-selected="false" data-headlessui-state=""><span>mangosteen</span>
            <!--v-if-->
          </li>
          <li data-v-2d6d64fa="" class="dropdown-list-option" data-test-id="veggie-search-option-nectarine" id="headlessui-combobox-option-v-46" role="option" tabindex="-1" aria-selected="false" data-headlessui-state=""><span>nectarine</span>
            <!--v-if-->
          </li>
          <li data-v-2d6d64fa="" class="dropdown-list-option" data-test-id="veggie-search-option-orange" id="headlessui-combobox-option-v-47" role="option" tabindex="-1" aria-selected="false" data-headlessui-state=""><span>orange</span>
            <!--v-if-->
          </li>
          <li data-v-2d6d64fa="" class="dropdown-list-option" data-test-id="veggie-search-option-papaya" id="headlessui-combobox-option-v-48" role="option" tabindex="-1" aria-selected="false" data-headlessui-state=""><span>papaya</span>
            <!--v-if-->
          </li>
          <li data-v-2d6d64fa="" class="dropdown-list-option" data-test-id="veggie-search-option-passion fruit" id="headlessui-combobox-option-v-49" role="option" tabindex="-1" aria-selected="false" data-headlessui-state=""><span>passion fruit</span>
            <!--v-if-->
          </li>
          <li data-v-2d6d64fa="" class="dropdown-list-option" data-test-id="veggie-search-option-peach" id="headlessui-combobox-option-v-50" role="option" tabindex="-1" aria-selected="false" data-headlessui-state=""><span>peach</span>
            <!--v-if-->
          </li>
          <li data-v-2d6d64fa="" class="dropdown-list-option" data-test-id="veggie-search-option-pear" id="headlessui-combobox-option-v-51" role="option" tabindex="-1" aria-selected="false" data-headlessui-state=""><span>pear</span>
            <!--v-if-->
          </li>
          <li data-v-2d6d64fa="" class="dropdown-list-option" data-test-id="veggie-search-option-persimmon" id="headlessui-combobox-option-v-52" role="option" tabindex="-1" aria-selected="false" data-headlessui-state=""><span>persimmon</span>
            <!--v-if-->
          </li>
          <li data-v-2d6d64fa="" class="dropdown-list-option" data-test-id="veggie-search-option-piel de sapo" id="headlessui-combobox-option-v-53" role="option" tabindex="-1" aria-selected="false" data-headlessui-state=""><span>piel de sapo</span>
            <!--v-if-->
          </li>
          <li data-v-2d6d64fa="" class="dropdown-list-option" data-test-id="veggie-search-option-pineapple" id="headlessui-combobox-option-v-54" role="option" tabindex="-1" aria-selected="false" data-headlessui-state=""><span>pineapple</span>
            <!--v-if-->
          </li>
          <li data-v-2d6d64fa="" class="dropdown-list-option" data-test-id="veggie-search-option-plum" id="headlessui-combobox-option-v-55" role="option" tabindex="-1" aria-selected="false" data-headlessui-state=""><span>plum</span>
            <!--v-if-->
          </li>
          <li data-v-2d6d64fa="" class="dropdown-list-option" data-test-id="veggie-search-option-pomegranate" id="headlessui-combobox-option-v-56" role="option" tabindex="-1" aria-selected="false" data-headlessui-state=""><span>pomegranate</span>
            <!--v-if-->
          </li>
          <li data-v-2d6d64fa="" class="dropdown-list-option" data-test-id="veggie-search-option-pomelo" id="headlessui-combobox-option-v-57" role="option" tabindex="-1" aria-selected="false" data-headlessui-state=""><span>pomelo</span>
            <!--v-if-->
          </li>
          <li data-v-2d6d64fa="" class="dropdown-list-option" data-test-id="veggie-search-option-prickly pear" id="headlessui-combobox-option-v-58" role="option" tabindex="-1" aria-selected="false" data-headlessui-state=""><span>prickly pear</span>
            <!--v-if-->
          </li>
          <li data-v-2d6d64fa="" class="dropdown-list-option" data-test-id="veggie-search-option-quince" id="headlessui-combobox-option-v-59" role="option" tabindex="-1" aria-selected="false" data-headlessui-state=""><span>quince</span>
            <!--v-if-->
          </li>
          <li data-v-2d6d64fa="" class="dropdown-list-option" data-test-id="veggie-search-option-rambutan" id="headlessui-combobox-option-v-60" role="option" tabindex="-1" aria-selected="false" data-headlessui-state=""><span>rambutan</span>
            <!--v-if-->
          </li>
          <li data-v-2d6d64fa="" class="dropdown-list-option" data-test-id="veggie-search-option-raspberry" id="headlessui-combobox-option-v-61" role="option" tabindex="-1" aria-selected="false" data-headlessui-state=""><span>raspberry</span>
            <!--v-if-->
          </li>
          <li data-v-2d6d64fa="" class="dropdown-list-option" data-test-id="veggie-search-option-redcurrant" id="headlessui-combobox-option-v-62" role="option" tabindex="-1" aria-selected="false" data-headlessui-state=""><span>redcurrant</span>
            <!--v-if-->
          </li>
          <li data-v-2d6d64fa="" class="dropdown-list-option" data-test-id="veggie-search-option-sea buckthorn" id="headlessui-combobox-option-v-63" role="option" tabindex="-1" aria-selected="false" data-headlessui-state=""><span>sea buckthorn</span>
            <!--v-if-->
          </li>
          <li data-v-2d6d64fa="" class="dropdown-list-option" data-test-id="veggie-search-option-starfruit" id="headlessui-combobox-option-v-64" role="option" tabindex="-1" aria-selected="false" data-headlessui-state=""><span>star fruit</span>
            <!--v-if-->
          </li>
          <li data-v-2d6d64fa="" class="dropdown-list-option" data-test-id="veggie-search-option-strawberry" id="headlessui-combobox-option-v-65" role="option" tabindex="-1" aria-selected="false" data-headlessui-state=""><span>strawberry</span>
            <!--v-if-->
          </li>
          <li data-v-2d6d64fa="" class="dropdown-list-option" data-test-id="veggie-search-option-watermelon" id="headlessui-combobox-option-v-66" role="option" tabindex="-1" aria-selected="false" data-headlessui-state=""><span>watermelon</span>
            <!--v-if-->
          </li>
          <li data-v-2d6d64fa="" class="dropdown-list-option" data-test-id="veggie-search-option-yuzu" id="headlessui-combobox-option-v-67" role="option" tabindex="-1" aria-selected="false" data-headlessui-state=""><span>yuzu</span>
            <!--v-if-->
          </li>
        </ul>
        <ul data-v-2d6d64fa="" data-v-487fdf11="" aria-labelledby="veggie-search-label-Vegetable" data-test-id="veggie-search-group-Vegetable" role="group">
          <li data-v-2d6d64fa="" class="veggie-search__heading" role="presentation">
            <div data-v-2d6d64fa="" class="flex-container" role="presentation"><span data-v-2d6d64fa="" aria-hidden="true">🥦</span><span data-v-2d6d64fa="" id="veggie-search-label-Vegetable" role="presentation">Vegetables (32)</span></div>
            <div data-v-2d6d64fa="" class="flex-container"><button data-v-24e38f3d="" data-v-2d6d64fa="" class="button-like button--text hover:fill-[--color-link-hover]" aria-label="Previous Category" data-test-id="veggie-search-previous-Vegetable" role="button"><svg data-v-24e38f3d="" style="width: 1.25rem; height: 1.25rem;" class="shrink-0" viewBox="0 0 24 24" aria-hidden="true">
                  <path d="M7.41,18.41L6,17L12,11L18,17L16.59,18.41L12,13.83L7.41,18.41M7.41,12.41L6,11L12,5L18,11L16.59,12.41L12,7.83L7.41,12.41Z" class="transition-all"></path>
                </svg></button><button data-v-24e38f3d="" data-v-2d6d64fa="" class="button-like button--text hover:fill-[--color-link-hover]" aria-label="Next Category" data-test-id="veggie-search-next-Vegetable" role="button"><svg data-v-24e38f3d="" style="width: 1.25rem; height: 1.25rem;" class="shrink-0" viewBox="0 0 24 24" aria-hidden="true">
                  <path d="M16.59,5.59L18,7L12,13L6,7L7.41,5.59L12,10.17L16.59,5.59M16.59,11.59L18,13L12,19L6,13L7.41,11.59L12,16.17L16.59,11.59Z" class="transition-all"></path>
                </svg></button></div>
          </li>
          <li data-v-2d6d64fa="" class="dropdown-list-option" data-test-id="veggie-search-option-artichoke" id="headlessui-combobox-option-v-68" role="option" tabindex="-1" aria-selected="false" data-headlessui-state=""><span>artichoke</span>
            <!--v-if-->
          </li>
          <li data-v-2d6d64fa="" class="dropdown-list-option" data-test-id="veggie-search-option-asparagus" id="headlessui-combobox-option-v-69" role="option" tabindex="-1" aria-selected="false" data-headlessui-state=""><span>asparagus</span>
            <!--v-if-->
          </li>
          <li data-v-2d6d64fa="" class="dropdown-list-option" data-test-id="veggie-search-option-avocado" id="headlessui-combobox-option-v-70" role="option" tabindex="-1" aria-selected="false" data-headlessui-state=""><span>avocado</span>
            <!--v-if-->
          </li>
          <li data-v-2d6d64fa="" class="dropdown-list-option" data-test-id="veggie-search-option-bell pepper" id="headlessui-combobox-option-v-71" role="option" tabindex="-1" aria-selected="false" data-headlessui-state=""><span>bell pepper</span>
            <!--v-if-->
          </li>
          <li data-v-2d6d64fa="" class="dropdown-list-option" data-test-id="veggie-search-option-bitter melon" id="headlessui-combobox-option-v-72" role="option" tabindex="-1" aria-selected="false" data-headlessui-state=""><span>bitter melon</span>
            <!--v-if-->
          </li>
          <li data-v-2d6d64fa="" class="dropdown-list-option" data-test-id="veggie-search-option-broccoli" id="headlessui-combobox-option-v-73" role="option" tabindex="-1" aria-selected="false" data-headlessui-state=""><span>broccoli</span>
            <!--v-if-->
          </li>
          <li data-v-2d6d64fa="" class="dropdown-list-option" data-test-id="veggie-search-option-broccolini" id="headlessui-combobox-option-v-74" role="option" tabindex="-1" aria-selected="false" data-headlessui-state=""><span>broccolini</span>
            <!--v-if-->
          </li>
          <li data-v-2d6d64fa="" class="dropdown-list-option" data-test-id="veggie-search-option-brussels sprouts" id="headlessui-combobox-option-v-75" role="option" tabindex="-1" aria-selected="false" data-headlessui-state=""><span>brussels sprouts</span>
            <!--v-if-->
          </li>
          <li data-v-2d6d64fa="" class="dropdown-list-option" data-test-id="veggie-search-option-butternut squash" id="headlessui-combobox-option-v-76" role="option" tabindex="-1" aria-selected="false" data-headlessui-state=""><span>butternut squash</span>
            <!--v-if-->
          </li>
          <li data-v-2d6d64fa="" class="dropdown-list-option" data-test-id="veggie-search-option-cauliflower" id="headlessui-combobox-option-v-77" role="option" tabindex="-1" aria-selected="false" data-headlessui-state=""><span>cauliflower</span>
            <!--v-if-->
          </li>
          <li data-v-2d6d64fa="" class="dropdown-list-option" data-test-id="veggie-search-option-celery" id="headlessui-combobox-option-v-78" role="option" tabindex="-1" aria-selected="false" data-headlessui-state=""><span>celery</span>
            <!--v-if-->
          </li>
          <li data-v-2d6d64fa="" class="dropdown-list-option" data-test-id="veggie-search-option-chayote" id="headlessui-combobox-option-v-79" role="option" tabindex="-1" aria-selected="false" data-headlessui-state=""><span>chayote</span>
            <!--v-if-->
          </li>
          <li data-v-2d6d64fa="" class="dropdown-list-option" data-test-id="veggie-search-option-cherry tomato" id="headlessui-combobox-option-v-80" role="option" tabindex="-1" aria-selected="false" data-headlessui-state=""><span>cherry tomato</span>
            <!--v-if-->
          </li>
          <li data-v-2d6d64fa="" class="dropdown-list-option" data-test-id="veggie-search-option-chili pepper" id="headlessui-combobox-option-v-81" role="option" tabindex="-1" aria-selected="false" data-headlessui-state=""><span>chili pepper</span>
            <!--v-if-->
          </li>
          <li data-v-2d6d64fa="" class="dropdown-list-option" data-test-id="veggie-search-option-corn" id="headlessui-combobox-option-v-82" role="option" tabindex="-1" aria-selected="false" data-headlessui-state=""><span>corn</span>
            <!--v-if-->
          </li>
          <li data-v-2d6d64fa="" class="dropdown-list-option" data-test-id="veggie-search-option-cucumber" id="headlessui-combobox-option-v-83" role="option" tabindex="-1" aria-selected="true" data-headlessui-state="selected"><span>cucumber</span><svg style="width: 1.25rem; height: 1.25rem;" class="shrink-0" viewBox="0 0 24 24" aria-hidden="true">
              <path d="M21,7L9,19L3.5,13.5L4.91,12.09L9,16.17L19.59,5.59L21,7Z" class="transition-all"></path>
            </svg></li>
          <li data-v-2d6d64fa="" class="dropdown-list-option" data-test-id="veggie-search-option-eggplant" id="headlessui-combobox-option-v-84" role="option" tabindex="-1" aria-selected="false" data-headlessui-state=""><span>eggplant</span>
            <!--v-if-->
          </li>
          <li data-v-2d6d64fa="" class="dropdown-list-option" data-test-id="veggie-search-option-hokkaido pumpkin" id="headlessui-combobox-option-v-85" role="option" tabindex="-1" aria-selected="false" data-headlessui-state=""><span>hokkaido pumpkin</span>
            <!--v-if-->
          </li>
          <li data-v-2d6d64fa="" class="dropdown-list-option" data-test-id="veggie-search-option-jalapeno" id="headlessui-combobox-option-v-86" role="option" tabindex="-1" aria-selected="false" data-headlessui-state=""><span>jalapeño</span>
            <!--v-if-->
          </li>
          <li data-v-2d6d64fa="" class="dropdown-list-option" data-test-id="veggie-search-option-nori" id="headlessui-combobox-option-v-87" role="option" tabindex="-1" aria-selected="false" data-headlessui-state=""><span>nori</span>
            <!--v-if-->
          </li>
          <li data-v-2d6d64fa="" class="dropdown-list-option" data-test-id="veggie-search-option-okra" id="headlessui-combobox-option-v-88" role="option" tabindex="-1" aria-selected="false" data-headlessui-state=""><span>okra</span>
            <!--v-if-->
          </li>
          <li data-v-2d6d64fa="" class="dropdown-list-option" data-test-id="veggie-search-option-olive" id="headlessui-combobox-option-v-89" role="option" tabindex="-1" aria-selected="false" data-headlessui-state=""><span>olive</span>
            <!--v-if-->
          </li>
          <li data-v-2d6d64fa="" class="dropdown-list-option" data-test-id="veggie-search-option-plantain" id="headlessui-combobox-option-v-90" role="option" tabindex="-1" aria-selected="false" data-headlessui-state=""><span>plantain</span>
            <!--v-if-->
          </li>
          <li data-v-2d6d64fa="" class="dropdown-list-option" data-test-id="veggie-search-option-pointed pepper" id="headlessui-combobox-option-v-91" role="option" tabindex="-1" aria-selected="false" data-headlessui-state=""><span>pointed pepper</span>
            <!--v-if-->
          </li>
          <li data-v-2d6d64fa="" class="dropdown-list-option" data-test-id="veggie-search-option-pumpkin" id="headlessui-combobox-option-v-92" role="option" tabindex="-1" aria-selected="false" data-headlessui-state=""><span>pumpkin</span>
            <!--v-if-->
          </li>
          <li data-v-2d6d64fa="" class="dropdown-list-option" data-test-id="veggie-search-option-rhubarb" id="headlessui-combobox-option-v-93" role="option" tabindex="-1" aria-selected="false" data-headlessui-state=""><span>rhubarb</span>
            <!--v-if-->
          </li>
          <li data-v-2d6d64fa="" class="dropdown-list-option" data-test-id="veggie-search-option-spaghetti squash" id="headlessui-combobox-option-v-94" role="option" tabindex="-1" aria-selected="false" data-headlessui-state=""><span>spaghetti squash</span>
            <!--v-if-->
          </li>
          <li data-v-2d6d64fa="" class="dropdown-list-option" data-test-id="veggie-search-option-tomatillo" id="headlessui-combobox-option-v-95" role="option" tabindex="-1" aria-selected="false" data-headlessui-state=""><span>tomatillo</span>
            <!--v-if-->
          </li>
          <li data-v-2d6d64fa="" class="dropdown-list-option" data-test-id="veggie-search-option-tomato" id="headlessui-combobox-option-v-96" role="option" tabindex="-1" aria-selected="true" data-headlessui-state="selected"><span>tomato</span><svg style="width: 1.25rem; height: 1.25rem;" class="shrink-0" viewBox="0 0 24 24" aria-hidden="true">
              <path d="M21,7L9,19L3.5,13.5L4.91,12.09L9,16.17L19.59,5.59L21,7Z" class="transition-all"></path>
            </svg></li>
          <li data-v-2d6d64fa="" class="dropdown-list-option" data-test-id="veggie-search-option-wakame" id="headlessui-combobox-option-v-97" role="option" tabindex="-1" aria-selected="false" data-headlessui-state=""><span>wakame</span>
            <!--v-if-->
          </li>
          <li data-v-2d6d64fa="" class="dropdown-list-option" data-test-id="veggie-search-option-wax gourd" id="headlessui-combobox-option-v-98" role="option" tabindex="-1" aria-selected="false" data-headlessui-state=""><span>wax gourd</span>
            <!--v-if-->
          </li>
          <li data-v-2d6d64fa="" class="dropdown-list-option" data-test-id="veggie-search-option-zucchini" id="headlessui-combobox-option-v-99" role="option" tabindex="-1" aria-selected="false" data-headlessui-state=""><span>zucchini</span>
            <!--v-if-->
          </li>
        </ul>
        <ul data-v-2d6d64fa="" data-v-487fdf11="" aria-labelledby="veggie-search-label-Leafy" data-test-id="veggie-search-group-Leafy" role="group">
          <li data-v-2d6d64fa="" class="veggie-search__heading" role="presentation">
            <div data-v-2d6d64fa="" class="flex-container" role="presentation"><span data-v-2d6d64fa="" aria-hidden="true">🥬</span><span data-v-2d6d64fa="" id="veggie-search-label-Leafy" role="presentation">Leafy Greens And Herbs (37)</span></div>
            <div data-v-2d6d64fa="" class="flex-container"><button data-v-24e38f3d="" data-v-2d6d64fa="" class="button-like button--text hover:fill-[--color-link-hover]" aria-label="Previous Category" data-test-id="veggie-search-previous-Leafy" role="button"><svg data-v-24e38f3d="" style="width: 1.25rem; height: 1.25rem;" class="shrink-0" viewBox="0 0 24 24" aria-hidden="true">
                  <path d="M7.41,18.41L6,17L12,11L18,17L16.59,18.41L12,13.83L7.41,18.41M7.41,12.41L6,11L12,5L18,11L16.59,12.41L12,7.83L7.41,12.41Z" class="transition-all"></path>
                </svg></button><button data-v-24e38f3d="" data-v-2d6d64fa="" class="button-like button--text hover:fill-[--color-link-hover]" aria-label="Next Category" data-test-id="veggie-search-next-Leafy" role="button"><svg data-v-24e38f3d="" style="width: 1.25rem; height: 1.25rem;" class="shrink-0" viewBox="0 0 24 24" aria-hidden="true">
                  <path d="M16.59,5.59L18,7L12,13L6,7L7.41,5.59L12,10.17L16.59,5.59M16.59,11.59L18,13L12,19L6,13L7.41,11.59L12,16.17L16.59,11.59Z" class="transition-all"></path>
                </svg></button></div>
          </li>
          <li data-v-2d6d64fa="" class="dropdown-list-option" data-test-id="veggie-search-option-arugula" id="headlessui-combobox-option-v-100" role="option" tabindex="-1" aria-selected="false" data-headlessui-state=""><span>arugula</span>
            <!--v-if-->
          </li>
          <li data-v-2d6d64fa="" class="dropdown-list-option" data-test-id="veggie-search-option-basil" id="headlessui-combobox-option-v-101" role="option" tabindex="-1" aria-selected="false" data-headlessui-state=""><span>basil</span>
            <!--v-if-->
          </li>
          <li data-v-2d6d64fa="" class="dropdown-list-option" data-test-id="veggie-search-option-bok choy" id="headlessui-combobox-option-v-102" role="option" tabindex="-1" aria-selected="false" data-headlessui-state=""><span>bok choy</span>
            <!--v-if-->
          </li>
          <li data-v-2d6d64fa="" class="dropdown-list-option" data-test-id="veggie-search-option-cabbage" id="headlessui-combobox-option-v-103" role="option" tabindex="-1" aria-selected="false" data-headlessui-state=""><span>cabbage</span>
            <!--v-if-->
          </li>
          <li data-v-2d6d64fa="" class="dropdown-list-option" data-test-id="veggie-search-option-chard" id="headlessui-combobox-option-v-104" role="option" tabindex="-1" aria-selected="false" data-headlessui-state=""><span>chard</span>
            <!--v-if-->
          </li>
          <li data-v-2d6d64fa="" class="dropdown-list-option" data-test-id="veggie-search-option-choy sum" id="headlessui-combobox-option-v-105" role="option" tabindex="-1" aria-selected="false" data-headlessui-state=""><span>choy sum</span>
            <!--v-if-->
          </li>
          <li data-v-2d6d64fa="" class="dropdown-list-option" data-test-id="veggie-search-option-cilantro" id="headlessui-combobox-option-v-106" role="option" tabindex="-1" aria-selected="false" data-headlessui-state=""><span>cilantro</span>
            <!--v-if-->
          </li>
          <li data-v-2d6d64fa="" class="dropdown-list-option" data-test-id="veggie-search-option-collard greens" id="headlessui-combobox-option-v-107" role="option" tabindex="-1" aria-selected="false" data-headlessui-state=""><span>collard greens</span>
            <!--v-if-->
          </li>
          <li data-v-2d6d64fa="" class="dropdown-list-option" data-test-id="veggie-search-option-dandelion greens" id="headlessui-combobox-option-v-108" role="option" tabindex="-1" aria-selected="false" data-headlessui-state=""><span>dandelion greens</span>
            <!--v-if-->
          </li>
          <li data-v-2d6d64fa="" class="dropdown-list-option" data-test-id="veggie-search-option-dill" id="headlessui-combobox-option-v-109" role="option" tabindex="-1" aria-selected="false" data-headlessui-state=""><span>dill</span>
            <!--v-if-->
          </li>
          <li data-v-2d6d64fa="" class="dropdown-list-option" data-test-id="veggie-search-option-endive" id="headlessui-combobox-option-v-110" role="option" tabindex="-1" aria-selected="false" data-headlessui-state=""><span>endive</span>
            <!--v-if-->
          </li>
          <li data-v-2d6d64fa="" class="dropdown-list-option" data-test-id="veggie-search-option-frisee" id="headlessui-combobox-option-v-111" role="option" tabindex="-1" aria-selected="false" data-headlessui-state=""><span>frisée</span>
            <!--v-if-->
          </li>
          <li data-v-2d6d64fa="" class="dropdown-list-option" data-test-id="veggie-search-option-holy basil" id="headlessui-combobox-option-v-112" role="option" tabindex="-1" aria-selected="false" data-headlessui-state=""><span>holy basil</span>
            <!--v-if-->
          </li>
          <li data-v-2d6d64fa="" class="dropdown-list-option" data-test-id="veggie-search-option-iceberg lettuce" id="headlessui-combobox-option-v-113" role="option" tabindex="-1" aria-selected="false" data-headlessui-state=""><span>iceberg lettuce</span>
            <!--v-if-->
          </li>
          <li data-v-2d6d64fa="" class="dropdown-list-option" data-test-id="veggie-search-option-kale" id="headlessui-combobox-option-v-114" role="option" tabindex="-1" aria-selected="false" data-headlessui-state=""><span>kale</span>
            <!--v-if-->
          </li>
          <li data-v-2d6d64fa="" class="dropdown-list-option" data-test-id="veggie-search-option-lettuce" id="headlessui-combobox-option-v-115" role="option" tabindex="-1" aria-selected="false" data-headlessui-state=""><span>lettuce</span>
            <!--v-if-->
          </li>
          <li data-v-2d6d64fa="" class="dropdown-list-option" data-test-id="veggie-search-option-little gem lettuce" id="headlessui-combobox-option-v-116" role="option" tabindex="-1" aria-selected="false" data-headlessui-state=""><span>little gem lettuce</span>
            <!--v-if-->
          </li>
          <li data-v-2d6d64fa="" class="dropdown-list-option" data-test-id="veggie-search-option-mache" id="headlessui-combobox-option-v-117" role="option" tabindex="-1" aria-selected="false" data-headlessui-state=""><span>machê</span>
            <!--v-if-->
          </li>
          <li data-v-2d6d64fa="" class="dropdown-list-option" data-test-id="veggie-search-option-mint" id="headlessui-combobox-option-v-118" role="option" tabindex="-1" aria-selected="false" data-headlessui-state=""><span>mint</span>
            <!--v-if-->
          </li>
          <li data-v-2d6d64fa="" class="dropdown-list-option" data-test-id="veggie-search-option-mizuna" id="headlessui-combobox-option-v-119" role="option" tabindex="-1" aria-selected="false" data-headlessui-state=""><span>mizuna</span>
            <!--v-if-->
          </li>
          <li data-v-2d6d64fa="" class="dropdown-list-option" data-test-id="veggie-search-option-mustard greens" id="headlessui-combobox-option-v-120" role="option" tabindex="-1" aria-selected="false" data-headlessui-state=""><span>mustard greens</span>
            <!--v-if-->
          </li>
          <li data-v-2d6d64fa="" class="dropdown-list-option" data-test-id="veggie-search-option-napa cabbage" id="headlessui-combobox-option-v-121" role="option" tabindex="-1" aria-selected="false" data-headlessui-state=""><span>napa cabbage</span>
            <!--v-if-->
          </li>
          <li data-v-2d6d64fa="" class="dropdown-list-option" data-test-id="veggie-search-option-oak leaf lettuce" id="headlessui-combobox-option-v-122" role="option" tabindex="-1" aria-selected="false" data-headlessui-state=""><span>oakleaf lettuce</span>
            <!--v-if-->
          </li>
          <li data-v-2d6d64fa="" class="dropdown-list-option" data-test-id="veggie-search-option-parsley" id="headlessui-combobox-option-v-123" role="option" tabindex="-1" aria-selected="false" data-headlessui-state=""><span>parsley</span>
            <!--v-if-->
          </li>
          <li data-v-2d6d64fa="" class="dropdown-list-option" data-test-id="veggie-search-option-pea sprouts" id="headlessui-combobox-option-v-124" role="option" tabindex="-1" aria-selected="false" data-headlessui-state=""><span>pea sprouts</span>
            <!--v-if-->
          </li>
          <li data-v-2d6d64fa="" class="dropdown-list-option" data-test-id="veggie-search-option-radicchio" id="headlessui-combobox-option-v-125" role="option" tabindex="-1" aria-selected="false" data-headlessui-state=""><span>radicchio</span>
            <!--v-if-->
          </li>
          <li data-v-2d6d64fa="" class="dropdown-list-option" data-test-id="veggie-search-option-red cabbage" id="headlessui-combobox-option-v-126" role="option" tabindex="-1" aria-selected="false" data-headlessui-state=""><span>red cabbage</span>
            <!--v-if-->
          </li>
          <li data-v-2d6d64fa="" class="dropdown-list-option" data-test-id="veggie-search-option-red leaf lettuce" id="headlessui-combobox-option-v-127" role="option" tabindex="-1" aria-selected="false" data-headlessui-state=""><span>red leaf lettuce</span>
            <!--v-if-->
          </li>
          <li data-v-2d6d64fa="" class="dropdown-list-option" data-test-id="veggie-search-option-romaine" id="headlessui-combobox-option-v-128" role="option" tabindex="-1" aria-selected="false" data-headlessui-state=""><span>romaine</span>
            <!--v-if-->
          </li>
          <li data-v-2d6d64fa="" class="dropdown-list-option" data-test-id="veggie-search-option-savoy cabbage" id="headlessui-combobox-option-v-129" role="option" tabindex="-1" aria-selected="false" data-headlessui-state=""><span>savoy cabbage</span>
            <!--v-if-->
          </li>
          <li data-v-2d6d64fa="" class="dropdown-list-option" data-test-id="veggie-search-option-sorrel" id="headlessui-combobox-option-v-130" role="option" tabindex="-1" aria-selected="false" data-headlessui-state=""><span>sorrel</span>
            <!--v-if-->
          </li>
          <li data-v-2d6d64fa="" class="dropdown-list-option" data-test-id="veggie-search-option-spinach" id="headlessui-combobox-option-v-131" role="option" tabindex="-1" aria-selected="false" data-headlessui-state=""><span>spinach</span>
            <!--v-if-->
          </li>
          <li data-v-2d6d64fa="" class="dropdown-list-option" data-test-id="veggie-search-option-sprouts" id="headlessui-combobox-option-v-132" role="option" tabindex="-1" aria-selected="false" data-headlessui-state=""><span>sprouts</span>
            <!--v-if-->
          </li>
          <li data-v-2d6d64fa="" class="dropdown-list-option" data-test-id="veggie-search-option-thai basil" id="headlessui-combobox-option-v-133" role="option" tabindex="-1" aria-selected="false" data-headlessui-state=""><span>thai basil</span>
            <!--v-if-->
          </li>
          <li data-v-2d6d64fa="" class="dropdown-list-option" data-test-id="veggie-search-option-thyme" id="headlessui-combobox-option-v-134" role="option" tabindex="-1" aria-selected="false" data-headlessui-state=""><span>thyme</span>
            <!--v-if-->
          </li>
          <li data-v-2d6d64fa="" class="dropdown-list-option" data-test-id="veggie-search-option-water spinach" id="headlessui-combobox-option-v-135" role="option" tabindex="-1" aria-selected="false" data-headlessui-state=""><span>water spinach</span>
            <!--v-if-->
          </li>
          <li data-v-2d6d64fa="" class="dropdown-list-option" data-test-id="veggie-search-option-watercress" id="headlessui-combobox-option-v-136" role="option" tabindex="-1" aria-selected="false" data-headlessui-state=""><span>watercress</span>
            <!--v-if-->
          </li>
        </ul>
        <ul data-v-2d6d64fa="" data-v-487fdf11="" aria-labelledby="veggie-search-label-Root" data-test-id="veggie-search-group-Root" role="group">
          <li data-v-2d6d64fa="" class="veggie-search__heading" role="presentation">
            <div data-v-2d6d64fa="" class="flex-container" role="presentation"><span data-v-2d6d64fa="" aria-hidden="true">🥕</span><span data-v-2d6d64fa="" id="veggie-search-label-Root" role="presentation">Roots And Bulbs (33)</span></div>
            <div data-v-2d6d64fa="" class="flex-container"><button data-v-24e38f3d="" data-v-2d6d64fa="" class="button-like button--text hover:fill-[--color-link-hover]" aria-label="Previous Category" data-test-id="veggie-search-previous-Root" role="button"><svg data-v-24e38f3d="" style="width: 1.25rem; height: 1.25rem;" class="shrink-0" viewBox="0 0 24 24" aria-hidden="true">
                  <path d="M7.41,18.41L6,17L12,11L18,17L16.59,18.41L12,13.83L7.41,18.41M7.41,12.41L6,11L12,5L18,11L16.59,12.41L12,7.83L7.41,12.41Z" class="transition-all"></path>
                </svg></button><button data-v-24e38f3d="" data-v-2d6d64fa="" class="button-like button--text hover:fill-[--color-link-hover]" aria-label="Next Category" data-test-id="veggie-search-next-Root" role="button"><svg data-v-24e38f3d="" style="width: 1.25rem; height: 1.25rem;" class="shrink-0" viewBox="0 0 24 24" aria-hidden="true">
                  <path d="M16.59,5.59L18,7L12,13L6,7L7.41,5.59L12,10.17L16.59,5.59M16.59,11.59L18,13L12,19L6,13L7.41,11.59L12,16.17L16.59,11.59Z" class="transition-all"></path>
                </svg></button></div>
          </li>
          <li data-v-2d6d64fa="" class="dropdown-list-option" data-test-id="veggie-search-option-bamboo shoots" id="headlessui-combobox-option-v-137" role="option" tabindex="-1" aria-selected="false" data-headlessui-state=""><span>bamboo shoots</span>
            <!--v-if-->
          </li>
          <li data-v-2d6d64fa="" class="dropdown-list-option" data-test-id="veggie-search-option-beet" id="headlessui-combobox-option-v-138" role="option" tabindex="-1" aria-selected="false" data-headlessui-state=""><span>beet</span>
            <!--v-if-->
          </li>
          <li data-v-2d6d64fa="" class="dropdown-list-option" data-test-id="veggie-search-option-black radish" id="headlessui-combobox-option-v-139" role="option" tabindex="-1" aria-selected="false" data-headlessui-state=""><span>black radish</span>
            <!--v-if-->
          </li>
          <li data-v-2d6d64fa="" class="dropdown-list-option" data-test-id="veggie-search-option-black salsify" id="headlessui-combobox-option-v-140" role="option" tabindex="-1" aria-selected="false" data-headlessui-state=""><span>black salsify</span>
            <!--v-if-->
          </li>
          <li data-v-2d6d64fa="" class="dropdown-list-option" data-test-id="veggie-search-option-carrot" id="headlessui-combobox-option-v-141" role="option" tabindex="-1" aria-selected="false" data-headlessui-state=""><span>carrot</span>
            <!--v-if-->
          </li>
          <li data-v-2d6d64fa="" class="dropdown-list-option" data-test-id="veggie-search-option-celeriac" id="headlessui-combobox-option-v-142" role="option" tabindex="-1" aria-selected="false" data-headlessui-state=""><span>celeriac</span>
            <!--v-if-->
          </li>
          <li data-v-2d6d64fa="" class="dropdown-list-option" data-test-id="veggie-search-option-chives" id="headlessui-combobox-option-v-143" role="option" tabindex="-1" aria-selected="false" data-headlessui-state=""><span>chives</span>
            <!--v-if-->
          </li>
          <li data-v-2d6d64fa="" class="dropdown-list-option" data-test-id="veggie-search-option-daikon" id="headlessui-combobox-option-v-144" role="option" tabindex="-1" aria-selected="false" data-headlessui-state=""><span>daikon</span>
            <!--v-if-->
          </li>
          <li data-v-2d6d64fa="" class="dropdown-list-option" data-test-id="veggie-search-option-fennel" id="headlessui-combobox-option-v-145" role="option" tabindex="-1" aria-selected="false" data-headlessui-state=""><span>fennel</span>
            <!--v-if-->
          </li>
          <li data-v-2d6d64fa="" class="dropdown-list-option" data-test-id="veggie-search-option-garlic" id="headlessui-combobox-option-v-146" role="option" tabindex="-1" aria-selected="false" data-headlessui-state=""><span>garlic</span>
            <!--v-if-->
          </li>
          <li data-v-2d6d64fa="" class="dropdown-list-option" data-test-id="veggie-search-option-ginger" id="headlessui-combobox-option-v-147" role="option" tabindex="-1" aria-selected="false" data-headlessui-state=""><span>ginger</span>
            <!--v-if-->
          </li>
          <li data-v-2d6d64fa="" class="dropdown-list-option" data-test-id="veggie-search-option-horseradish" id="headlessui-combobox-option-v-148" role="option" tabindex="-1" aria-selected="false" data-headlessui-state=""><span>horseradish</span>
            <!--v-if-->
          </li>
          <li data-v-2d6d64fa="" class="dropdown-list-option" data-test-id="veggie-search-option-jerusalem artichoke" id="headlessui-combobox-option-v-149" role="option" tabindex="-1" aria-selected="false" data-headlessui-state=""><span>jerusalem artichoke</span>
            <!--v-if-->
          </li>
          <li data-v-2d6d64fa="" class="dropdown-list-option" data-test-id="veggie-search-option-jicama" id="headlessui-combobox-option-v-150" role="option" tabindex="-1" aria-selected="false" data-headlessui-state=""><span>jicama</span>
            <!--v-if-->
          </li>
          <li data-v-2d6d64fa="" class="dropdown-list-option" data-test-id="veggie-search-option-kohlrabi" id="headlessui-combobox-option-v-151" role="option" tabindex="-1" aria-selected="false" data-headlessui-state=""><span>kohlrabi</span>
            <!--v-if-->
          </li>
          <li data-v-2d6d64fa="" class="dropdown-list-option" data-test-id="veggie-search-option-leek" id="headlessui-combobox-option-v-152" role="option" tabindex="-1" aria-selected="false" data-headlessui-state=""><span>leek</span>
            <!--v-if-->
          </li>
          <li data-v-2d6d64fa="" class="dropdown-list-option" data-test-id="veggie-search-option-manioc" id="headlessui-combobox-option-v-153" role="option" tabindex="-1" aria-selected="false" data-headlessui-state=""><span>manioc</span>
            <!--v-if-->
          </li>
          <li data-v-2d6d64fa="" class="dropdown-list-option" data-test-id="veggie-search-option-onion" id="headlessui-combobox-option-v-154" role="option" tabindex="-1" aria-selected="false" data-headlessui-state=""><span>onion</span>
            <!--v-if-->
          </li>
          <li data-v-2d6d64fa="" class="dropdown-list-option" data-test-id="veggie-search-option-parsley root" id="headlessui-combobox-option-v-155" role="option" tabindex="-1" aria-selected="false" data-headlessui-state=""><span>parsley root</span>
            <!--v-if-->
          </li>
          <li data-v-2d6d64fa="" class="dropdown-list-option" data-test-id="veggie-search-option-parsnip" id="headlessui-combobox-option-v-156" role="option" tabindex="-1" aria-selected="false" data-headlessui-state=""><span>parsnip</span>
            <!--v-if-->
          </li>
          <li data-v-2d6d64fa="" class="dropdown-list-option" data-test-id="veggie-search-option-potato" id="headlessui-combobox-option-v-157" role="option" tabindex="-1" aria-selected="false" data-headlessui-state=""><span>potato</span>
            <!--v-if-->
          </li>
          <li data-v-2d6d64fa="" class="dropdown-list-option" data-test-id="veggie-search-option-radish" id="headlessui-combobox-option-v-158" role="option" tabindex="-1" aria-selected="false" data-headlessui-state=""><span>radish</span>
            <!--v-if-->
          </li>
          <li data-v-2d6d64fa="" class="dropdown-list-option" data-test-id="veggie-search-option-red onion" id="headlessui-combobox-option-v-159" role="option" tabindex="-1" aria-selected="false" data-headlessui-state=""><span>red onion</span>
            <!--v-if-->
          </li>
          <li data-v-2d6d64fa="" class="dropdown-list-option" data-test-id="veggie-search-option-rutabaga" id="headlessui-combobox-option-v-160" role="option" tabindex="-1" aria-selected="false" data-headlessui-state=""><span>rutabaga</span>
            <!--v-if-->
          </li>
          <li data-v-2d6d64fa="" class="dropdown-list-option" data-test-id="veggie-search-option-scallion" id="headlessui-combobox-option-v-161" role="option" tabindex="-1" aria-selected="false" data-headlessui-state=""><span>scallion</span>
            <!--v-if-->
          </li>
          <li data-v-2d6d64fa="" class="dropdown-list-option" data-test-id="veggie-search-option-shallot" id="headlessui-combobox-option-v-162" role="option" tabindex="-1" aria-selected="false" data-headlessui-state=""><span>shallot</span>
            <!--v-if-->
          </li>
          <li data-v-2d6d64fa="" class="dropdown-list-option" data-test-id="veggie-search-option-sweet potato" id="headlessui-combobox-option-v-163" role="option" tabindex="-1" aria-selected="false" data-headlessui-state=""><span>sweet potato</span>
            <!--v-if-->
          </li>
          <li data-v-2d6d64fa="" class="dropdown-list-option" data-test-id="veggie-search-option-taro" id="headlessui-combobox-option-v-164" role="option" tabindex="-1" aria-selected="false" data-headlessui-state=""><span>taro</span>
            <!--v-if-->
          </li>
          <li data-v-2d6d64fa="" class="dropdown-list-option" data-test-id="veggie-search-option-turnip" id="headlessui-combobox-option-v-165" role="option" tabindex="-1" aria-selected="false" data-headlessui-state=""><span>turnip</span>
            <!--v-if-->
          </li>
          <li data-v-2d6d64fa="" class="dropdown-list-option" data-test-id="veggie-search-option-wasabi" id="headlessui-combobox-option-v-166" role="option" tabindex="-1" aria-selected="false" data-headlessui-state=""><span>wasabi</span>
            <!--v-if-->
          </li>
          <li data-v-2d6d64fa="" class="dropdown-list-option" data-test-id="veggie-search-option-white onion" id="headlessui-combobox-option-v-167" role="option" tabindex="-1" aria-selected="false" data-headlessui-state=""><span>white onion</span>
            <!--v-if-->
          </li>
          <li data-v-2d6d64fa="" class="dropdown-list-option" data-test-id="veggie-search-option-yam" id="headlessui-combobox-option-v-168" role="option" tabindex="-1" aria-selected="false" data-headlessui-state=""><span>yam</span>
            <!--v-if-->
          </li>
          <li data-v-2d6d64fa="" class="dropdown-list-option" data-test-id="veggie-search-option-yellow beet" id="headlessui-combobox-option-v-169" role="option" tabindex="-1" aria-selected="false" data-headlessui-state=""><span>yellow beet</span>
            <!--v-if-->
          </li>
        </ul>
        <ul data-v-2d6d64fa="" data-v-487fdf11="" aria-labelledby="veggie-search-label-Bean" data-test-id="veggie-search-group-Bean" role="group">
          <li data-v-2d6d64fa="" class="veggie-search__heading" role="presentation">
            <div data-v-2d6d64fa="" class="flex-container" role="presentation"><span data-v-2d6d64fa="" aria-hidden="true">🫛</span><span data-v-2d6d64fa="" id="veggie-search-label-Bean" role="presentation">Beans And Legumes (26)</span></div>
            <div data-v-2d6d64fa="" class="flex-container"><button data-v-24e38f3d="" data-v-2d6d64fa="" class="button-like button--text hover:fill-[--color-link-hover]" aria-label="Previous Category" data-test-id="veggie-search-previous-Bean" role="button"><svg data-v-24e38f3d="" style="width: 1.25rem; height: 1.25rem;" class="shrink-0" viewBox="0 0 24 24" aria-hidden="true">
                  <path d="M7.41,18.41L6,17L12,11L18,17L16.59,18.41L12,13.83L7.41,18.41M7.41,12.41L6,11L12,5L18,11L16.59,12.41L12,7.83L7.41,12.41Z" class="transition-all"></path>
                </svg></button><button data-v-24e38f3d="" data-v-2d6d64fa="" class="button-like button--text hover:fill-[--color-link-hover]" aria-label="Next Category" data-test-id="veggie-search-next-Bean" role="button"><svg data-v-24e38f3d="" style="width: 1.25rem; height: 1.25rem;" class="shrink-0" viewBox="0 0 24 24" aria-hidden="true">
                  <path d="M16.59,5.59L18,7L12,13L6,7L7.41,5.59L12,10.17L16.59,5.59M16.59,11.59L18,13L12,19L6,13L7.41,11.59L12,16.17L16.59,11.59Z" class="transition-all"></path>
                </svg></button></div>
          </li>
          <li data-v-2d6d64fa="" class="dropdown-list-option" data-test-id="veggie-search-option-black bean" id="headlessui-combobox-option-v-170" role="option" tabindex="-1" aria-selected="false" data-headlessui-state=""><span>black bean</span>
            <!--v-if-->
          </li>
          <li data-v-2d6d64fa="" class="dropdown-list-option" data-test-id="veggie-search-option-black lentil" id="headlessui-combobox-option-v-171" role="option" tabindex="-1" aria-selected="false" data-headlessui-state=""><span>black lentil</span>
            <!--v-if-->
          </li>
          <li data-v-2d6d64fa="" class="dropdown-list-option" data-test-id="veggie-search-option-black-eyed pea" id="headlessui-combobox-option-v-172" role="option" tabindex="-1" aria-selected="false" data-headlessui-state=""><span>black-eyed pea</span>
            <!--v-if-->
          </li>
          <li data-v-2d6d64fa="" class="dropdown-list-option" data-test-id="veggie-search-option-brown lentil" id="headlessui-combobox-option-v-173" role="option" tabindex="-1" aria-selected="false" data-headlessui-state=""><span>brown lentil</span>
            <!--v-if-->
          </li>
          <li data-v-2d6d64fa="" class="dropdown-list-option" data-test-id="veggie-search-option-butter bean" id="headlessui-combobox-option-v-174" role="option" tabindex="-1" aria-selected="false" data-headlessui-state=""><span>butter bean</span>
            <!--v-if-->
          </li>
          <li data-v-2d6d64fa="" class="dropdown-list-option" data-test-id="veggie-search-option-cannellini bean" id="headlessui-combobox-option-v-175" role="option" tabindex="-1" aria-selected="false" data-headlessui-state=""><span>cannellini bean</span>
            <!--v-if-->
          </li>
          <li data-v-2d6d64fa="" class="dropdown-list-option" data-test-id="veggie-search-option-chickpea" id="headlessui-combobox-option-v-176" role="option" tabindex="-1" aria-selected="false" data-headlessui-state=""><span>chickpea</span>
            <!--v-if-->
          </li>
          <li data-v-2d6d64fa="" class="dropdown-list-option" data-test-id="veggie-search-option-cranberry bean" id="headlessui-combobox-option-v-177" role="option" tabindex="-1" aria-selected="false" data-headlessui-state=""><span>cranberry bean</span>
            <!--v-if-->
          </li>
          <li data-v-2d6d64fa="" class="dropdown-list-option" data-test-id="veggie-search-option-edamame" id="headlessui-combobox-option-v-178" role="option" tabindex="-1" aria-selected="false" data-headlessui-state=""><span>edamame</span>
            <!--v-if-->
          </li>
          <li data-v-2d6d64fa="" class="dropdown-list-option" data-test-id="veggie-search-option-fava bean" id="headlessui-combobox-option-v-179" role="option" tabindex="-1" aria-selected="false" data-headlessui-state=""><span>fava bean</span>
            <!--v-if-->
          </li>
          <li data-v-2d6d64fa="" class="dropdown-list-option" data-test-id="veggie-search-option-flageolet bean" id="headlessui-combobox-option-v-180" role="option" tabindex="-1" aria-selected="false" data-headlessui-state=""><span>flageolet bean</span>
            <!--v-if-->
          </li>
          <li data-v-2d6d64fa="" class="dropdown-list-option" data-test-id="veggie-search-option-pea" id="headlessui-combobox-option-v-181" role="option" tabindex="-1" aria-selected="false" data-headlessui-state=""><span>garden pea</span>
            <!--v-if-->
          </li>
          <li data-v-2d6d64fa="" class="dropdown-list-option" data-test-id="veggie-search-option-green bean" id="headlessui-combobox-option-v-182" role="option" tabindex="-1" aria-selected="false" data-headlessui-state=""><span>green bean</span>
            <!--v-if-->
          </li>
          <li data-v-2d6d64fa="" class="dropdown-list-option" data-test-id="veggie-search-option-green lentil" id="headlessui-combobox-option-v-183" role="option" tabindex="-1" aria-selected="false" data-headlessui-state=""><span>green lentil</span>
            <!--v-if-->
          </li>
          <li data-v-2d6d64fa="" class="dropdown-list-option" data-test-id="veggie-search-option-kidney bean" id="headlessui-combobox-option-v-184" role="option" tabindex="-1" aria-selected="false" data-headlessui-state=""><span>kidney bean</span>
            <!--v-if-->
          </li>
          <li data-v-2d6d64fa="" class="dropdown-list-option" data-test-id="veggie-search-option-mung bean" id="headlessui-combobox-option-v-185" role="option" tabindex="-1" aria-selected="false" data-headlessui-state=""><span>mung bean</span>
            <!--v-if-->
          </li>
          <li data-v-2d6d64fa="" class="dropdown-list-option" data-test-id="veggie-search-option-pinto bean" id="headlessui-combobox-option-v-186" role="option" tabindex="-1" aria-selected="false" data-headlessui-state=""><span>pinto bean</span>
            <!--v-if-->
          </li>
          <li data-v-2d6d64fa="" class="dropdown-list-option" data-test-id="veggie-search-option-red bean" id="headlessui-combobox-option-v-187" role="option" tabindex="-1" aria-selected="false" data-headlessui-state=""><span>red bean</span>
            <!--v-if-->
          </li>
          <li data-v-2d6d64fa="" class="dropdown-list-option" data-test-id="veggie-search-option-red lentil" id="headlessui-combobox-option-v-188" role="option" tabindex="-1" aria-selected="false" data-headlessui-state=""><span>red lentil</span>
            <!--v-if-->
          </li>
          <li data-v-2d6d64fa="" class="dropdown-list-option" data-test-id="veggie-search-option-scarlet runner bean" id="headlessui-combobox-option-v-189" role="option" tabindex="-1" aria-selected="false" data-headlessui-state=""><span>scarlet runner bean</span>
            <!--v-if-->
          </li>
          <li data-v-2d6d64fa="" class="dropdown-list-option" data-test-id="veggie-search-option-snow pea" id="headlessui-combobox-option-v-190" role="option" tabindex="-1" aria-selected="false" data-headlessui-state=""><span>snow pea</span>
            <!--v-if-->
          </li>
          <li data-v-2d6d64fa="" class="dropdown-list-option" data-test-id="veggie-search-option-soybean" id="headlessui-combobox-option-v-191" role="option" tabindex="-1" aria-selected="false" data-headlessui-state=""><span>soybean</span>
            <!--v-if-->
          </li>
          <li data-v-2d6d64fa="" class="dropdown-list-option" data-test-id="veggie-search-option-sugar snap pea" id="headlessui-combobox-option-v-192" role="option" tabindex="-1" aria-selected="false" data-headlessui-state=""><span>sugar snap pea</span>
            <!--v-if-->
          </li>
          <li data-v-2d6d64fa="" class="dropdown-list-option" data-test-id="veggie-search-option-white bean" id="headlessui-combobox-option-v-193" role="option" tabindex="-1" aria-selected="false" data-headlessui-state=""><span>white bean</span>
            <!--v-if-->
          </li>
          <li data-v-2d6d64fa="" class="dropdown-list-option" data-test-id="veggie-search-option-yardlong bean" id="headlessui-combobox-option-v-194" role="option" tabindex="-1" aria-selected="false" data-headlessui-state=""><span>yardlong bean</span>
            <!--v-if-->
          </li>
          <li data-v-2d6d64fa="" class="dropdown-list-option" data-test-id="veggie-search-option-yellow lentil" id="headlessui-combobox-option-v-195" role="option" tabindex="-1" aria-selected="false" data-headlessui-state=""><span>yellow lentil</span>
            <!--v-if-->
          </li>
        </ul>
        <ul data-v-2d6d64fa="" data-v-487fdf11="" aria-labelledby="veggie-search-label-Grain" data-test-id="veggie-search-group-Grain" role="group">
          <li data-v-2d6d64fa="" class="veggie-search__heading" role="presentation">
            <div data-v-2d6d64fa="" class="flex-container" role="presentation"><span data-v-2d6d64fa="" aria-hidden="true">🌾</span><span data-v-2d6d64fa="" id="veggie-search-label-Grain" role="presentation">Grains, Nuts, And Seeds (37)</span></div>
            <div data-v-2d6d64fa="" class="flex-container"><button data-v-24e38f3d="" data-v-2d6d64fa="" class="button-like button--text hover:fill-[--color-link-hover]" aria-label="Previous Category" data-test-id="veggie-search-previous-Grain" role="button"><svg data-v-24e38f3d="" style="width: 1.25rem; height: 1.25rem;" class="shrink-0" viewBox="0 0 24 24" aria-hidden="true">
                  <path d="M7.41,18.41L6,17L12,11L18,17L16.59,18.41L12,13.83L7.41,18.41M7.41,12.41L6,11L12,5L18,11L16.59,12.41L12,7.83L7.41,12.41Z" class="transition-all"></path>
                </svg></button><button data-v-24e38f3d="" data-v-2d6d64fa="" class="button-like button--text hover:fill-[--color-link-hover]" aria-label="Next Category" data-test-id="veggie-search-next-Grain" role="button"><svg data-v-24e38f3d="" style="width: 1.25rem; height: 1.25rem;" class="shrink-0" viewBox="0 0 24 24" aria-hidden="true">
                  <path d="M16.59,5.59L18,7L12,13L6,7L7.41,5.59L12,10.17L16.59,5.59M16.59,11.59L18,13L12,19L6,13L7.41,11.59L12,16.17L16.59,11.59Z" class="transition-all"></path>
                </svg></button></div>
          </li>
          <li data-v-2d6d64fa="" class="dropdown-list-option" data-test-id="veggie-search-option-almond" id="headlessui-combobox-option-v-196" role="option" tabindex="-1" aria-selected="false" data-headlessui-state=""><span>almond</span>
            <!--v-if-->
          </li>
          <li data-v-2d6d64fa="" class="dropdown-list-option" data-test-id="veggie-search-option-amaranth" id="headlessui-combobox-option-v-197" role="option" tabindex="-1" aria-selected="false" data-headlessui-state=""><span>amaranth</span>
            <!--v-if-->
          </li>
          <li data-v-2d6d64fa="" class="dropdown-list-option" data-test-id="veggie-search-option-barley" id="headlessui-combobox-option-v-198" role="option" tabindex="-1" aria-selected="false" data-headlessui-state=""><span>barley</span>
            <!--v-if-->
          </li>
          <li data-v-2d6d64fa="" class="dropdown-list-option" data-test-id="veggie-search-option-brazil nut" id="headlessui-combobox-option-v-199" role="option" tabindex="-1" aria-selected="false" data-headlessui-state=""><span>brazil nut</span>
            <!--v-if-->
          </li>
          <li data-v-2d6d64fa="" class="dropdown-list-option" data-test-id="veggie-search-option-buckwheat" id="headlessui-combobox-option-v-200" role="option" tabindex="-1" aria-selected="false" data-headlessui-state=""><span>buckwheat</span>
            <!--v-if-->
          </li>
          <li data-v-2d6d64fa="" class="dropdown-list-option" data-test-id="veggie-search-option-bulgur" id="headlessui-combobox-option-v-201" role="option" tabindex="-1" aria-selected="false" data-headlessui-state=""><span>bulgur</span>
            <!--v-if-->
          </li>
          <li data-v-2d6d64fa="" class="dropdown-list-option" data-test-id="veggie-search-option-cashew nut" id="headlessui-combobox-option-v-202" role="option" tabindex="-1" aria-selected="false" data-headlessui-state=""><span>cashew nut</span>
            <!--v-if-->
          </li>
          <li data-v-2d6d64fa="" class="dropdown-list-option" data-test-id="veggie-search-option-chestnut" id="headlessui-combobox-option-v-203" role="option" tabindex="-1" aria-selected="false" data-headlessui-state=""><span>chestnut</span>
            <!--v-if-->
          </li>
          <li data-v-2d6d64fa="" class="dropdown-list-option" data-test-id="veggie-search-option-chia seed" id="headlessui-combobox-option-v-204" role="option" tabindex="-1" aria-selected="false" data-headlessui-state=""><span>chia seed</span>
            <!--v-if-->
          </li>
          <li data-v-2d6d64fa="" class="dropdown-list-option" data-test-id="veggie-search-option-couscous" id="headlessui-combobox-option-v-205" role="option" tabindex="-1" aria-selected="false" data-headlessui-state=""><span>couscous</span>
            <!--v-if-->
          </li>
          <li data-v-2d6d64fa="" class="dropdown-list-option" data-test-id="veggie-search-option-farro" id="headlessui-combobox-option-v-206" role="option" tabindex="-1" aria-selected="false" data-headlessui-state=""><span>farro</span>
            <!--v-if-->
          </li>
          <li data-v-2d6d64fa="" class="dropdown-list-option" data-test-id="veggie-search-option-flaxseed" id="headlessui-combobox-option-v-207" role="option" tabindex="-1" aria-selected="false" data-headlessui-state=""><span>flaxseed</span>
            <!--v-if-->
          </li>
          <li data-v-2d6d64fa="" class="dropdown-list-option" data-test-id="veggie-search-option-hazelnut" id="headlessui-combobox-option-v-208" role="option" tabindex="-1" aria-selected="false" data-headlessui-state=""><span>hazelnut</span>
            <!--v-if-->
          </li>
          <li data-v-2d6d64fa="" class="dropdown-list-option" data-test-id="veggie-search-option-hemp seed" id="headlessui-combobox-option-v-209" role="option" tabindex="-1" aria-selected="false" data-headlessui-state=""><span>hemp seed</span>
            <!--v-if-->
          </li>
          <li data-v-2d6d64fa="" class="dropdown-list-option" data-test-id="veggie-search-option-kamut" id="headlessui-combobox-option-v-210" role="option" tabindex="-1" aria-selected="false" data-headlessui-state=""><span>kamut</span>
            <!--v-if-->
          </li>
          <li data-v-2d6d64fa="" class="dropdown-list-option" data-test-id="veggie-search-option-macadamia nut" id="headlessui-combobox-option-v-211" role="option" tabindex="-1" aria-selected="false" data-headlessui-state=""><span>macadamia nut</span>
            <!--v-if-->
          </li>
          <li data-v-2d6d64fa="" class="dropdown-list-option" data-test-id="veggie-search-option-millet" id="headlessui-combobox-option-v-212" role="option" tabindex="-1" aria-selected="false" data-headlessui-state=""><span>millet</span>
            <!--v-if-->
          </li>
          <li data-v-2d6d64fa="" class="dropdown-list-option" data-test-id="veggie-search-option-oat" id="headlessui-combobox-option-v-213" role="option" tabindex="-1" aria-selected="false" data-headlessui-state=""><span>oat</span>
            <!--v-if-->
          </li>
          <li data-v-2d6d64fa="" class="dropdown-list-option" data-test-id="veggie-search-option-peanut" id="headlessui-combobox-option-v-214" role="option" tabindex="-1" aria-selected="false" data-headlessui-state=""><span>peanut</span>
            <!--v-if-->
          </li>
          <li data-v-2d6d64fa="" class="dropdown-list-option" data-test-id="veggie-search-option-pecan nut" id="headlessui-combobox-option-v-215" role="option" tabindex="-1" aria-selected="false" data-headlessui-state=""><span>pecan nut</span>
            <!--v-if-->
          </li>
          <li data-v-2d6d64fa="" class="dropdown-list-option" data-test-id="veggie-search-option-pine nut" id="headlessui-combobox-option-v-216" role="option" tabindex="-1" aria-selected="false" data-headlessui-state=""><span>pine nut</span>
            <!--v-if-->
          </li>
          <li data-v-2d6d64fa="" class="dropdown-list-option" data-test-id="veggie-search-option-pistachio nut" id="headlessui-combobox-option-v-217" role="option" tabindex="-1" aria-selected="false" data-headlessui-state=""><span>pistachio nut</span>
            <!--v-if-->
          </li>
          <li data-v-2d6d64fa="" class="dropdown-list-option" data-test-id="veggie-search-option-poppy seed" id="headlessui-combobox-option-v-218" role="option" tabindex="-1" aria-selected="false" data-headlessui-state=""><span>poppy seed</span>
            <!--v-if-->
          </li>
          <li data-v-2d6d64fa="" class="dropdown-list-option" data-test-id="veggie-search-option-pumpkin seed" id="headlessui-combobox-option-v-219" role="option" tabindex="-1" aria-selected="false" data-headlessui-state=""><span>pumpkin seed</span>
            <!--v-if-->
          </li>
          <li data-v-2d6d64fa="" class="dropdown-list-option" data-test-id="veggie-search-option-quinoa" id="headlessui-combobox-option-v-220" role="option" tabindex="-1" aria-selected="false" data-headlessui-state=""><span>quinoa</span>
            <!--v-if-->
          </li>
          <li data-v-2d6d64fa="" class="dropdown-list-option" data-test-id="veggie-search-option-rice" id="headlessui-combobox-option-v-221" role="option" tabindex="-1" aria-selected="false" data-headlessui-state=""><span>rice</span>
            <!--v-if-->
          </li>
          <li data-v-2d6d64fa="" class="dropdown-list-option" data-test-id="veggie-search-option-rye" id="headlessui-combobox-option-v-222" role="option" tabindex="-1" aria-selected="false" data-headlessui-state=""><span>rye</span>
            <!--v-if-->
          </li>
          <li data-v-2d6d64fa="" class="dropdown-list-option" data-test-id="veggie-search-option-safflower seed" id="headlessui-combobox-option-v-223" role="option" tabindex="-1" aria-selected="false" data-headlessui-state=""><span>safflower seed</span>
            <!--v-if-->
          </li>
          <li data-v-2d6d64fa="" class="dropdown-list-option" data-test-id="veggie-search-option-sesame seed" id="headlessui-combobox-option-v-224" role="option" tabindex="-1" aria-selected="false" data-headlessui-state=""><span>sesame seed</span>
            <!--v-if-->
          </li>
          <li data-v-2d6d64fa="" class="dropdown-list-option" data-test-id="veggie-search-option-sorghum" id="headlessui-combobox-option-v-225" role="option" tabindex="-1" aria-selected="false" data-headlessui-state=""><span>sorghum</span>
            <!--v-if-->
          </li>
          <li data-v-2d6d64fa="" class="dropdown-list-option" data-test-id="veggie-search-option-spelt" id="headlessui-combobox-option-v-226" role="option" tabindex="-1" aria-selected="false" data-headlessui-state=""><span>spelt</span>
            <!--v-if-->
          </li>
          <li data-v-2d6d64fa="" class="dropdown-list-option" data-test-id="veggie-search-option-sunflower seed" id="headlessui-combobox-option-v-227" role="option" tabindex="-1" aria-selected="false" data-headlessui-state=""><span>sunflower seed</span>
            <!--v-if-->
          </li>
          <li data-v-2d6d64fa="" class="dropdown-list-option" data-test-id="veggie-search-option-teff" id="headlessui-combobox-option-v-228" role="option" tabindex="-1" aria-selected="false" data-headlessui-state=""><span>teff</span>
            <!--v-if-->
          </li>
          <li data-v-2d6d64fa="" class="dropdown-list-option" data-test-id="veggie-search-option-triticale" id="headlessui-combobox-option-v-229" role="option" tabindex="-1" aria-selected="false" data-headlessui-state=""><span>triticale</span>
            <!--v-if-->
          </li>
          <li data-v-2d6d64fa="" class="dropdown-list-option" data-test-id="veggie-search-option-walnut" id="headlessui-combobox-option-v-230" role="option" tabindex="-1" aria-selected="false" data-headlessui-state=""><span>walnut</span>
            <!--v-if-->
          </li>
          <li data-v-2d6d64fa="" class="dropdown-list-option" data-test-id="veggie-search-option-wheat" id="headlessui-combobox-option-v-231" role="option" tabindex="-1" aria-selected="false" data-headlessui-state=""><span>wheat</span>
            <!--v-if-->
          </li>
          <li data-v-2d6d64fa="" class="dropdown-list-option" data-test-id="veggie-search-option-wild rice" id="headlessui-combobox-option-v-232" role="option" tabindex="-1" aria-selected="false" data-headlessui-state=""><span>wild rice</span>
            <!--v-if-->
          </li>
        </ul>
        <ul data-v-2d6d64fa="" data-v-487fdf11="" aria-labelledby="veggie-search-label-Mushroom" data-test-id="veggie-search-group-Mushroom" role="group">
          <li data-v-2d6d64fa="" class="veggie-search__heading" role="presentation">
            <div data-v-2d6d64fa="" class="flex-container" role="presentation"><span data-v-2d6d64fa="" aria-hidden="true">🍄‍🟫</span><span data-v-2d6d64fa="" id="veggie-search-label-Mushroom" role="presentation">Mushrooms (16)</span></div>
            <div data-v-2d6d64fa="" class="flex-container"><button data-v-24e38f3d="" data-v-2d6d64fa="" class="button-like button--text hover:fill-[--color-link-hover]" aria-label="Previous Category" data-test-id="veggie-search-previous-Mushroom" role="button"><svg data-v-24e38f3d="" style="width: 1.25rem; height: 1.25rem;" class="shrink-0" viewBox="0 0 24 24" aria-hidden="true">
                  <path d="M7.41,18.41L6,17L12,11L18,17L16.59,18.41L12,13.83L7.41,18.41M7.41,12.41L6,11L12,5L18,11L16.59,12.41L12,7.83L7.41,12.41Z" class="transition-all"></path>
                </svg></button><button data-v-24e38f3d="" data-v-2d6d64fa="" class="button-like button--text hover:fill-[--color-link-hover]" aria-label="Next Category" data-test-id="veggie-search-next-Mushroom" role="button"><svg data-v-24e38f3d="" style="width: 1.25rem; height: 1.25rem;" class="shrink-0" viewBox="0 0 24 24" aria-hidden="true">
                  <path d="M16.59,5.59L18,7L12,13L6,7L7.41,5.59L12,10.17L16.59,5.59M16.59,11.59L18,13L12,19L6,13L7.41,11.59L12,16.17L16.59,11.59Z" class="transition-all"></path>
                </svg></button></div>
          </li>
          <li data-v-2d6d64fa="" class="dropdown-list-option" data-test-id="veggie-search-option-black trumpet mushroom" id="headlessui-combobox-option-v-233" role="option" tabindex="-1" aria-selected="false" data-headlessui-state=""><span>black trumpet mushroom</span>
            <!--v-if-->
          </li>
          <li data-v-2d6d64fa="" class="dropdown-list-option" data-test-id="veggie-search-option-champignon" id="headlessui-combobox-option-v-234" role="option" tabindex="-1" aria-selected="false" data-headlessui-state=""><span>champignon</span>
            <!--v-if-->
          </li>
          <li data-v-2d6d64fa="" class="dropdown-list-option" data-test-id="veggie-search-option-chanterelle" id="headlessui-combobox-option-v-235" role="option" tabindex="-1" aria-selected="false" data-headlessui-state=""><span>chanterelle</span>
            <!--v-if-->
          </li>
          <li data-v-2d6d64fa="" class="dropdown-list-option" data-test-id="veggie-search-option-enoki" id="headlessui-combobox-option-v-236" role="option" tabindex="-1" aria-selected="false" data-headlessui-state=""><span>enoki</span>
            <!--v-if-->
          </li>
          <li data-v-2d6d64fa="" class="dropdown-list-option" data-test-id="veggie-search-option-hedgehog mushroom" id="headlessui-combobox-option-v-237" role="option" tabindex="-1" aria-selected="false" data-headlessui-state=""><span>hedgehog mushroom</span>
            <!--v-if-->
          </li>
          <li data-v-2d6d64fa="" class="dropdown-list-option" data-test-id="veggie-search-option-king oyster mushroom" id="headlessui-combobox-option-v-238" role="option" tabindex="-1" aria-selected="false" data-headlessui-state=""><span>king oyster mushroom</span>
            <!--v-if-->
          </li>
          <li data-v-2d6d64fa="" class="dropdown-list-option" data-test-id="veggie-search-option-matsutake" id="headlessui-combobox-option-v-239" role="option" tabindex="-1" aria-selected="false" data-headlessui-state=""><span>matsutake</span>
            <!--v-if-->
          </li>
          <li data-v-2d6d64fa="" class="dropdown-list-option" data-test-id="veggie-search-option-morel" id="headlessui-combobox-option-v-240" role="option" tabindex="-1" aria-selected="false" data-headlessui-state=""><span>morel</span>
            <!--v-if-->
          </li>
          <li data-v-2d6d64fa="" class="dropdown-list-option" data-test-id="veggie-search-option-oyster mushroom" id="headlessui-combobox-option-v-241" role="option" tabindex="-1" aria-selected="false" data-headlessui-state=""><span>oyster mushroom</span>
            <!--v-if-->
          </li>
          <li data-v-2d6d64fa="" class="dropdown-list-option" data-test-id="veggie-search-option-porcini" id="headlessui-combobox-option-v-242" role="option" tabindex="-1" aria-selected="false" data-headlessui-state=""><span>porcini</span>
            <!--v-if-->
          </li>
          <li data-v-2d6d64fa="" class="dropdown-list-option" data-test-id="veggie-search-option-portobello" id="headlessui-combobox-option-v-243" role="option" tabindex="-1" aria-selected="false" data-headlessui-state=""><span>portobello</span>
            <!--v-if-->
          </li>
          <li data-v-2d6d64fa="" class="dropdown-list-option" data-test-id="veggie-search-option-shiitake" id="headlessui-combobox-option-v-244" role="option" tabindex="-1" aria-selected="false" data-headlessui-state=""><span>shiitake</span>
            <!--v-if-->
          </li>
          <li data-v-2d6d64fa="" class="dropdown-list-option" data-test-id="veggie-search-option-shimeji" id="headlessui-combobox-option-v-245" role="option" tabindex="-1" aria-selected="false" data-headlessui-state=""><span>shimeji</span>
            <!--v-if-->
          </li>
          <li data-v-2d6d64fa="" class="dropdown-list-option" data-test-id="veggie-search-option-wild mushroom" id="headlessui-combobox-option-v-246" role="option" tabindex="-1" aria-selected="false" data-headlessui-state=""><span>wild mushroom</span>
            <!--v-if-->
          </li>
          <li data-v-2d6d64fa="" class="dropdown-list-option" data-test-id="veggie-search-option-wood ear mushroom" id="headlessui-combobox-option-v-247" role="option" tabindex="-1" aria-selected="false" data-headlessui-state=""><span>wood ear mushroom</span>
            <!--v-if-->
          </li>
          <li data-v-2d6d64fa="" class="dropdown-list-option" data-test-id="veggie-search-option-yellowfoot mushroom" id="headlessui-combobox-option-v-248" role="option" tabindex="-1" aria-selected="false" data-headlessui-state=""><span>yellowfoot mushroom</span>
            <!--v-if-->
          </li>
        </ul>
      </div>
    </transition-stub>
  </div>
  <ul class="flex-container flex-wrap justify-evenly" aria-label="Weekly Achievements">
    <li data-v-06381b3c="" aria-label="10 red veggies this week (locked)" data-test-id="badge-allOnRed-3" class="badge--allOnRed badge--noLabel badge--locked badge" role="img">
      <div data-v-06381b3c="" class="badge__background badge__background--Gold" aria-hidden="true">
        <div data-v-06381b3c="" class="badge__emoji">♥️</div>
      </div>
      <div data-v-06381b3c="" class="badge__overlay" style="mask-image: conic-gradient(transparent 0deg 36deg, black 36deg 360deg);"></div>
      <!--v-if-->
    </li>
    <li data-v-06381b3c="" aria-label="15 botanical berries this week (locked)" data-test-id="badge-botanicalBerries-3" class="badge--botanicalBerries badge--noLabel badge--locked badge" role="img">
      <div data-v-06381b3c="" class="badge__background badge__background--Gold" aria-hidden="true">
        <div data-v-06381b3c="" class="badge__emoji">🍅</div>
      </div>
      <div data-v-06381b3c="" class="badge__overlay" style="mask-image: conic-gradient(transparent 0deg 48deg, black 48deg 360deg);"></div>
      <!--v-if-->
    </li>
    <li data-v-06381b3c="" aria-label="5 varieties of nuts this week (locked)" data-test-id="badge-goNuts-3" class="badge--goNuts badge--noLabel badge--locked badge" role="img">
      <div data-v-06381b3c="" class="badge__background badge__background--Gold" aria-hidden="true">
        <div data-v-06381b3c="" class="badge__emoji">🥜</div>
      </div>
      <div data-v-06381b3c="" class="badge__overlay" style="mask-image: conic-gradient(transparent 0deg 0deg, black 0deg 360deg);"></div>
      <!--v-if-->
    </li>
    <li data-v-06381b3c="" aria-label="5 different citrus fruits this week (locked)" data-test-id="badge-lemons-3" class="badge--lemons badge--noLabel badge--locked badge" role="img">
      <div data-v-06381b3c="" class="badge__background badge__background--Gold" aria-hidden="true">
        <div data-v-06381b3c="" class="badge__emoji">🍋</div>
      </div>
      <div data-v-06381b3c="" class="badge__overlay" style="mask-image: conic-gradient(transparent 0deg 0deg, black 0deg 360deg);"></div>
      <!--v-if-->
    </li>
    <li data-v-06381b3c="" aria-label="30 veggies and weekly challenge completed (locked)" data-test-id="badge-overachiever-3" class="badge--overachiever badge--noLabel badge--locked badge" role="img">
      <div data-v-06381b3c="" class="badge__background badge__background--Gold" aria-hidden="true">
        <div data-v-06381b3c="" class="badge__emoji">💪</div>
      </div>
      <div data-v-06381b3c="" class="badge__overlay" style="mask-image: conic-gradient(transparent 0deg 12deg, black 12deg 360deg);"></div>
      <!--v-if-->
    </li>
    <li data-v-06381b3c="" aria-label="3 veggies from each category this week (locked)" data-test-id="badge-rainbow-3" class="badge--rainbow badge--noLabel badge--locked badge" role="img">
      <div data-v-06381b3c="" class="badge__background badge__background--Gold" aria-hidden="true">
        <div data-v-06381b3c="" class="badge__emoji">🌈</div>
      </div>
      <div data-v-06381b3c="" class="badge__overlay" style="mask-image: conic-gradient(transparent 0deg 0deg, black 0deg 360deg);"></div>
      <!--v-if-->
    </li>
    <li data-v-06381b3c="" aria-label="30 unique veggies this week (locked)" data-test-id="badge-thirtyVeggies-3" class="badge--thirtyVeggies badge--noLabel badge--locked badge" role="img">
      <div data-v-06381b3c="" class="badge__background badge__background--Gold" aria-hidden="true">
        <div data-v-06381b3c="" class="badge__emoji">🎉</div>
      </div>
      <div data-v-06381b3c="" class="badge__overlay" style="mask-image: conic-gradient(transparent 0deg 24deg, black 24deg 360deg);"></div>
      <!--v-if-->
    </li>
  </ul>
  <ul data-v-cd627eac="" aria-label="Veggies for Week" tabindex="-1" tag="ul" class="tags__container">
    <transition-group-stub data-v-cd627eac="" name="tags" appear="false" persisted="false" css="true">
      <li data-v-cd627eac="" data-test-id="tag-cucumber" class="z-10"><button data-v-24e38f3d="" data-v-cd627eac="" class="button-like button--tag button--remove" id="tag-button-cucumber" aria-label="Remove cucumber">
          <!--v-if--><svg data-v-cd627eac="" style="width: 1.25rem; height: 1.25rem;" class="shrink-0" viewBox="0 0 24 24" aria-hidden="true">
            <path d="M19,13H5V11H19V13Z" class="transition-all"></path>
          </svg> cucumber
        </button></li>
      <li data-v-cd627eac="" data-test-id="tag-tomato" class="z-10"><button data-v-24e38f3d="" data-v-cd627eac="" class="button-like button--tag button--remove" id="tag-button-tomato" aria-label="Remove tomato">
          <!--v-if--><svg data-v-cd627eac="" style="width: 1.25rem; height: 1.25rem;" class="shrink-0" viewBox="0 0 24 24" aria-hidden="true">
            <path d="M19,13H5V11H19V13Z" class="transition-all"></path>
          </svg> tomato
        </button></li>
    </transition-group-stub>
  </ul>
</div>"
`;
