// Vitest Snapshot v1, https://vitest.dev/guide/snapshot.html

exports[`WeekEditor > renders 1`] = `
"<div class="flex-container flex-col"><label class="label-like" for="week-editor-button">Edit Week</label><button data-v-ee781121="" class="button-like button button--primary justify-between" type="button" id="week-editor-button" role="combobox" aria-controls="reka-select-content-v-0" aria-expanded="false" aria-required="false" aria-autocomplete="none" dir="ltr" data-state="closed" data-test-id="week-editor-button">
    <!--v-if--><span style="pointer-events: none;">Week 1/2025 (30/12-05/01)</span><svg style="width: 1.25rem; height: 1.25rem;" class="shrink-0 transition duration-200" viewBox="0 0 24 24" aria-hidden="true">
      <path d="M7.41,8.58L12,13.17L16.59,8.58L18,10L12,16L6,10L7.41,8.58Z" class="transition-all"></path>
    </svg>
  </button>
  <!--teleport start-->
  <!--teleport end-->
  <!--v-if-->
</div>
<div dir="ltr">
  <div data-v-487fdf11="" class="relative"><input data-v-487fdf11="" aria-disabled="false" type="text" aria-expanded="false" aria-controls="" aria-autocomplete="list" role="combobox" autocomplete="off" id="veggie-search-input" aria-label="Add Weekly Veggies" placeholder="Add Weekly Veggies" class="veggie-search__input" inputmode="search" autocorrect="off" autocapitalize="none" maxlength="20" data-test-id="veggie-search-input" value="">
    <!--v-if--><button data-v-ee781121="" data-v-487fdf11="" class="button-like button button--text button--alternative veggie-search__button right-2 outline-override transition duration-200" type="button" tabindex="-1" aria-label="Show popup" aria-haspopup="listbox" aria-expanded="false" aria-controls="" data-state="closed" aria-disabled="false" data-test-id="veggie-search-toggle-button"><svg data-v-ee781121="" style="width: 1.25rem; height: 1.25rem;" class="shrink-0" viewBox="0 0 24 24" aria-hidden="true">
        <path d="M7.41,8.58L12,13.17L16.59,8.58L18,10L12,16L6,10L7.41,8.58Z" class="transition-all"></path>
      </svg></button>
  </div>
  <!--teleport start-->
  <!--teleport end-->
  <!--v-if-->
</div>
<ul class="flex-container flex-wrap justify-center" aria-label="Weekly Achievements">
  <li data-v-06381b3c="" aria-label="10 red veggies this week (10% done)" data-test-id="badge-allOnRed-3" class="badge--allOnRed badge--noLabel badge--locked badge" role="img">
    <div data-v-06381b3c="" class="badge__background badge__background--Gold" aria-hidden="true">
      <div data-v-06381b3c="" class="badge__emoji">♥️</div>
    </div>
    <div data-v-06381b3c="" class="badge__overlay" style="mask-image: conic-gradient(transparent 0deg 36deg, black 36deg 360deg);"></div>
    <!--v-if-->
  </li>
  <li data-v-06381b3c="" aria-label="15 botanical berries this week (13% done)" data-test-id="badge-botanicalBerries-3" class="badge--botanicalBerries badge--noLabel badge--locked badge" role="img">
    <div data-v-06381b3c="" class="badge__background badge__background--Gold" aria-hidden="true">
      <div data-v-06381b3c="" class="badge__emoji">🍅</div>
    </div>
    <div data-v-06381b3c="" class="badge__overlay" style="mask-image: conic-gradient(transparent 0deg 48deg, black 48deg 360deg);"></div>
    <!--v-if-->
  </li>
  <li data-v-06381b3c="" aria-label="5 varieties of nuts this week (locked)" data-test-id="badge-goNuts-3" class="badge--goNuts badge--noLabel badge--locked badge" role="img">
    <div data-v-06381b3c="" class="badge__background badge__background--Gold" aria-hidden="true">
      <div data-v-06381b3c="" class="badge__emoji">🥜</div>
    </div>
    <div data-v-06381b3c="" class="badge__overlay" style="mask-image: conic-gradient(transparent 0deg 0deg, black 0deg 360deg);"></div>
    <!--v-if-->
  </li>
  <li data-v-06381b3c="" aria-label="5 different citrus fruits this week (locked)" data-test-id="badge-lemons-3" class="badge--lemons badge--noLabel badge--locked badge" role="img">
    <div data-v-06381b3c="" class="badge__background badge__background--Gold" aria-hidden="true">
      <div data-v-06381b3c="" class="badge__emoji">🍋</div>
    </div>
    <div data-v-06381b3c="" class="badge__overlay" style="mask-image: conic-gradient(transparent 0deg 0deg, black 0deg 360deg);"></div>
    <!--v-if-->
  </li>
  <li data-v-06381b3c="" aria-label="30 veggies and weekly challenge completed (7% done)" data-test-id="badge-overachiever-3" class="badge--overachiever badge--noLabel badge--locked badge" role="img">
    <div data-v-06381b3c="" class="badge__background badge__background--Gold" aria-hidden="true">
      <div data-v-06381b3c="" class="badge__emoji">💪</div>
    </div>
    <div data-v-06381b3c="" class="badge__overlay" style="mask-image: conic-gradient(transparent 0deg 24deg, black 24deg 360deg);"></div>
    <!--v-if-->
  </li>
  <li data-v-06381b3c="" aria-label="3 veggies from each category this week (locked)" data-test-id="badge-rainbow-3" class="badge--rainbow badge--noLabel badge--locked badge" role="img">
    <div data-v-06381b3c="" class="badge__background badge__background--Gold" aria-hidden="true">
      <div data-v-06381b3c="" class="badge__emoji">🌈</div>
    </div>
    <div data-v-06381b3c="" class="badge__overlay" style="mask-image: conic-gradient(transparent 0deg 0deg, black 0deg 360deg);"></div>
    <!--v-if-->
  </li>
  <li data-v-06381b3c="" aria-label="5 onion family veggies this week (locked)" data-test-id="badge-tearnado-3" class="badge--tearnado badge--noLabel badge--locked badge" role="img">
    <div data-v-06381b3c="" class="badge__background badge__background--Gold" aria-hidden="true">
      <div data-v-06381b3c="" class="badge__emoji">🧅</div>
    </div>
    <div data-v-06381b3c="" class="badge__overlay" style="mask-image: conic-gradient(transparent 0deg 0deg, black 0deg 360deg);"></div>
    <!--v-if-->
  </li>
  <li data-v-06381b3c="" aria-label="30 unique veggies this week (7% done)" data-test-id="badge-thirtyVeggies-3" class="badge--thirtyVeggies badge--noLabel badge--locked badge" role="img">
    <div data-v-06381b3c="" class="badge__background badge__background--Gold" aria-hidden="true">
      <div data-v-06381b3c="" class="badge__emoji">🎉</div>
    </div>
    <div data-v-06381b3c="" class="badge__overlay" style="mask-image: conic-gradient(transparent 0deg 24deg, black 24deg 360deg);"></div>
    <!--v-if-->
  </li>
</ul>
<transition-group-stub data-v-cd627eac="" name="tags" tag="ul" appear="false" persisted="false" css="true" aria-label="Veggies for Week" tabindex="-1" class="tags__container">
  <li data-v-cd627eac="" data-test-id="tag-cucumber" class="z-10"><button data-v-ee781121="" data-v-cd627eac="" class="button-like button button--tag button--remove" type="button" id="tag-button-cucumber" aria-label="Remove cucumber"><svg data-v-ee781121="" style="width: 1.25rem; height: 1.25rem;" class="shrink-0" viewBox="0 0 24 24" aria-hidden="true">
        <path d="M19,13H5V11H19V13Z" class="transition-all"></path>
      </svg>cucumber</button></li>
  <li data-v-cd627eac="" data-test-id="tag-tomato" class="z-10"><button data-v-ee781121="" data-v-cd627eac="" class="button-like button button--tag button--remove" type="button" id="tag-button-tomato" aria-label="Remove tomato"><svg data-v-ee781121="" style="width: 1.25rem; height: 1.25rem;" class="shrink-0" viewBox="0 0 24 24" aria-hidden="true">
        <path d="M19,13H5V11H19V13Z" class="transition-all"></path>
      </svg>tomato</button></li>
</transition-group-stub>"
`;
